[apuestapro.xyz/index.html]
[backblue.gif]
[fade.gif]
[index.html]
[apuestapro.xyz/wp-content/themes/asap/assets/css/main.min3825.css]
[apuestapro.xyz/wp-content/uploads/generateblocks/style-141e9d0.css]
[apuestapro.xyz/feed/index.html]
[apuestapro.xyz/comments/feed/index.html]
[apuestapro.xyz/wp-includes/js/jquery/jquery.minf43b.js]
[apuestapro.xyz/wp-includes/js/jquery/jquery-migrate.min5589.js]
[apuestapro.xyz/wp-json/oembed/1.0/embed8481.json]
[apuestapro.xyz/wp-json/oembed/1.0/embed2ab1]
[apuestapro.xyz/wp-content/uploads/Tu-Guia-Experta-en-Apuestas-Deportivas.webp]
[apuestapro.xyz/wp-content/themes/asap/assets/fonts/rubik-400.woff2]
[apuestapro.xyz/wp-content/themes/asap/assets/fonts/rubik-400.woff]
[apuestapro.xyz/wp-content/themes/asap/assets/fonts/rubik-700.woff2]
[apuestapro.xyz/wp-content/themes/asap/assets/fonts/rubik-700.woff]
[apuestapro.xyz/wp-content/themes/asap/assets/fonts/poppins-300.woff2]
[apuestapro.xyz/wp-content/themes/asap/assets/fonts/poppins-300.woff]
[apuestapro.xyz/wp-content/themes/asap/assets/fonts/poppins-700.woff2]
[apuestapro.xyz/wp-content/themes/asap/assets/fonts/poppins-700.woff]
[apuestapro.xyz/wp-content/uploads/cropped-favicon-32x32.png]
[apuestapro.xyz/wp-content/uploads/cropped-favicon-192x192.png]
[apuestapro.xyz/wp-content/uploads/cropped-favicon-180x180.png]
[apuestapro.xyz/wp-content/uploads/apuestapro.xyz_.png]
[apuestapro.xyz/wp-content/uploads/Bet365.webp]
[apuestapro.xyz/wp-content/uploads/Codere.webp]
[apuestapro.xyz/wp-content/uploads/Betway.webp]
[apuestapro.xyz/casas-de-apuestas/index.html]
[apuestapro.xyz/wp-content/uploads/William-Hill.webp]
[apuestapro.xyz/wp-content/uploads/Bwin.webp]
[apuestapro.xyz/wp-content/themes/asap/assets/js/asap.min4e1e.js]
[apuestapro.xyz/index.html]
[apuestapro.xyz/wp-content/themes/asap/assets/css/main.min3825.css]
[apuestapro.xyz/wp-content/uploads/generateblocks/style-141e9d0.css]
[apuestapro.xyz/analisis-de-deportes/index.html]
[apuestapro.xyz/casas-de-apuestas/index.html]
[apuestapro.xyz/estrategias/index.html]
[apuestapro.xyz/tipos-de-apuestas/index.html]
[apuestapro.xyz/guias-y-tutoriales/index.html]
[apuestapro.xyz/wp-content/uploads/Como-funcionan-las-apuestas-de-futuro-400x267.webp]
[apuestapro.xyz/bet365/index.html]
[apuestapro.xyz/codere/index.html]
[apuestapro.xyz/wp-content/uploads/Que-son-las-apuestas-de-cada-camino-400x267.webp]
[apuestapro.xyz/wp-content/uploads/Que-son-las-apuestas-de-prop-de-jugador-400x267.webp]
[apuestapro.xyz/betway/index.html]
[apuestapro.xyz/wp-content/uploads/Que-son-las-apuestas-de-primer-goleador-en-futbol-400x267.webp]
[apuestapro.xyz/wp-content/uploads/Que-son-las-apuestas-exoticas-en-deportes-400x267.webp]
[apuestapro.xyz/wp-content/uploads/Que-son-las-apuestas-de-prop-en-eventos-deportivos-400x267.webp]
[apuestapro.xyz/william-hill/index.html]
[apuestapro.xyz/wp-content/uploads/Como-funcionan-las-apuestas-de-doble-oportunidad-400x267.webp]
[apuestapro.xyz/wp-content/uploads/Que-son-las-apuestas-de-linea-de-dinero-400x267.webp]
[apuestapro.xyz/wp-content/uploads/Como-funcionan-las-apuestas-de-primer-tiempo-400x267.webp]
[apuestapro.xyz/tipos-de-apuestas/index.html]
[apuestapro.xyz/bwin/index.html]
[apuestapro.xyz/wp-content/uploads/Como-encontrar-y-aprovechar-apuestas-seguras-400x267.webp]
[apuestapro.xyz/politica-privacidad/index.html]
[apuestapro.xyz/wp-content/uploads/Importancia-del-analisis-de-estadisticas-en-apuestas-400x267.webp]
[apuestapro.xyz/wp-content/uploads/Estrategias-para-apuestas-en-hockey-400x267.webp]
[apuestapro.xyz/aviso-legal/index.html]
[apuestapro.xyz/wp-content/uploads/Estrategias-para-apuestas-en-futbol-americano-400x267.webp]
[apuestapro.xyz/wp-content/uploads/Estrategias-efectivas-para-apuestas-en-baloncesto-400x267.webp]
[apuestapro.xyz/wp-content/uploads/Estrategias-clave-para-apuestas-deportivas-en-vivo-400x267.webp]
[apuestapro.xyz/wp-content/uploads/Como-apostar-con-exito-en-NBA-400x267.webp]
[apuestapro.xyz/wp-content/uploads/Estrategias-efectivas-para-apuestas-en-cricket-400x267.webp]
[apuestapro.xyz/politica-de-cookies/index.html]
[apuestapro.xyz/estrategias/index.html]
[apuestapro.xyz/contacto/index.html]
[apuestapro.xyz/wp-content/uploads/Metodos-para-el-analisis-de-rendimiento-en-deportes-de-motor-400x267.webp]
[apuestapro.xyz/tipos-de-apuestas/page/2/index.html]
[apuestapro.xyz/tipos-de-apuestas/feed/index.html]
[apuestapro.xyz/wp-content/uploads/Como-hacer-un-analisis-exhaustivo-de-peleas-de-MMA-400x267.webp]
[apuestapro.xyz/wp-content/uploads/Estrategias-para-el-analisis-de-rendimiento-en-NHL-400x267.webp]
[apuestapro.xyz/que-son-las-apuestas-de-cada-camino/index.html]
[apuestapro.xyz/como-funcionan-las-apuestas-de-futuro/index.html]
[apuestapro.xyz/wp-content/uploads/Como-analizar-equipos-en-la-NBA-400x267.webp]
[apuestapro.xyz/wp-content/uploads/Tecnicas-para-el-analisis-de-partidos-de-cricket-400x267.webp]
[apuestapro.xyz/wp-content/uploads/Herramientas-para-el-analisis-de-rendimiento-en-ciclismo-400x267.webp]
[apuestapro.xyz/wp-content/uploads/Como-analizar-torneos-de-golf-de-manera-efectiva-400x267.webp]
[apuestapro.xyz/que-son-las-apuestas-de-prop-de-jugador/index.html]
[apuestapro.xyz/wp-content/uploads/Metodos-para-el-analisis-de-jugadores-en-eSports-400x267.webp]
[apuestapro.xyz/wp-content/uploads/Importancia-del-analisis-de-estadisticas-en-baloncesto-400x267.webp]
[apuestapro.xyz/analisis-de-deportes/index.html]
[apuestapro.xyz/que-son-las-apuestas-de-primer-goleador-en-futbol/index.html]
[apuestapro.xyz/que-son-las-apuestas-de-prop-en-eventos-deportivos/index.html]
[apuestapro.xyz/que-son-las-apuestas-exoticas-en-deportes/index.html]
[apuestapro.xyz/wp-content/uploads/Guia-para-entender-los-terminos-de-apuestas-deportivas-400x267.webp]
[apuestapro.xyz/que-son-las-apuestas-de-linea-de-dinero/index.html]
[apuestapro.xyz/como-funcionan-las-apuestas-de-primer-tiempo/index.html]
[apuestapro.xyz/como-funcionan-las-apuestas-de-doble-oportunidad/index.html]
[apuestapro.xyz/wp-content/uploads/Como-elegir-una-casa-de-apuestas-segura-400x267.webp]
[apuestapro.xyz/tipos-de-apuestas/page/3/index.html]
[apuestapro.xyz/wp-content/uploads/Tutorial-para-usar-sistemas-de-apuestas-automaticas-400x267.webp]
[apuestapro.xyz/wp-content/uploads/Guia-para-apostar-en-eventos-deportivos-en-vivo-400x267.webp]
[apuestapro.xyz/estrategias/page/2/index.html]
[apuestapro.xyz/wp-content/uploads/Como-verificar-tu-cuenta-en-una-casa-de-apuestas-400x267.webp]
[apuestapro.xyz/estrategias/feed/index.html]
[apuestapro.xyz/wp-content/uploads/Tutorial-para-hacer-una-apuesta-combinada-400x267.webp]
[apuestapro.xyz/guias-y-tutoriales/index.html]
[apuestapro.xyz/como-encontrar-y-aprovechar-apuestas-seguras/index.html]
[apuestapro.xyz/importancia-del-analisis-de-estadisticas-en-apuestas/index.html]
[apuestapro.xyz/wp-json/oembed/1.0/embed09f7.json]
[apuestapro.xyz/estrategias-clave-para-apuestas-deportivas-en-vivo/index.html]
[apuestapro.xyz/estrategias-para-apuestas-en-futbol-americano/index.html]
[apuestapro.xyz/estrategias-efectivas-para-apuestas-en-baloncesto/index.html]
[apuestapro.xyz/como-apostar-con-exito-en-nba/index.html]
[apuestapro.xyz/wp-json/oembed/1.0/embedda00]
[apuestapro.xyz/wp-content/uploads/Codere-150x150.webp]
[apuestapro.xyz/estrategias-efectivas-para-apuestas-en-cricket/index.html]
[apuestapro.xyz/wp-content/uploads/Betway-150x150.webp]
[apuestapro.xyz/estrategias-para-apuestas-en-boxeo/index.html]
[apuestapro.xyz/estrategias/page/3/index.html]
[apuestapro.xyz/wp-content/uploads/William-Hill-150x150.webp]
[apuestapro.xyz/analisis-de-deportes/page/2/index.html]
[apuestapro.xyz/wp-content/uploads/Jesus-80x80.webp]
[apuestapro.xyz/wp-content/uploads/William-Hill-250x140.webp]
[apuestapro.xyz/wp-content/uploads/Betway-250x140.webp]
[apuestapro.xyz/wp-content/uploads/Codere-250x140.webp]
[apuestapro.xyz/wp-content/uploads/Bet365-250x140.webp]
[apuestapro.xyz/wp-content/uploads/Bwin-250x140.webp]
[apuestapro.xyz/bet365/index.html]
[apuestapro.xyz/analisis-de-deportes/feed/index.html]
[apuestapro.xyz/metodos-para-el-analisis-de-rendimiento-en-deportes-de-motor/index.html]
[apuestapro.xyz/wp-json/oembed/1.0/embedce29.json]
[apuestapro.xyz/como-hacer-un-analisis-exhaustivo-de-peleas-de-mma/index.html]
[apuestapro.xyz/tecnicas-para-el-analisis-de-partidos-de-cricket/index.html]
[apuestapro.xyz/como-analizar-equipos-en-la-nba/index.html]
[apuestapro.xyz/wp-json/oembed/1.0/embed4d23]
[apuestapro.xyz/estrategias-para-el-analisis-de-rendimiento-en-nhl/index.html]
[apuestapro.xyz/wp-content/uploads/Bwin-150x150.webp]
[apuestapro.xyz/herramientas-para-el-analisis-de-rendimiento-en-ciclismo/index.html]
[apuestapro.xyz/codere/index.html]
[apuestapro.xyz/como-analizar-torneos-de-golf-de-manera-efectiva/index.html]
[apuestapro.xyz/wp-json/oembed/1.0/embedb60c.json]
[apuestapro.xyz/metodos-para-el-analisis-de-jugadores-en-esports/index.html]
[apuestapro.xyz/importancia-del-analisis-de-estadisticas-en-baloncesto/index.html]
[apuestapro.xyz/analisis-de-deportes/page/3/index.html]
[apuestapro.xyz/guias-y-tutoriales/page/2/index.html]
[apuestapro.xyz/wp-json/oembed/1.0/embeda6af]
[apuestapro.xyz/wp-content/uploads/Bet365-150x150.webp]
[apuestapro.xyz/betway/index.html]
[apuestapro.xyz/guias-y-tutoriales/feed/index.html]
[apuestapro.xyz/como-retirar-tus-ganancias-en-apuestas-deportivas/index.html]
[apuestapro.xyz/wp-json/oembed/1.0/embed8c29.json]
[apuestapro.xyz/guia-para-evitar-fraudes-en-apuestas-online/index.html]
[apuestapro.xyz/guia-para-entender-los-terminos-de-apuestas-deportivas/index.html]
[apuestapro.xyz/william-hill/index.html]
[apuestapro.xyz/wp-json/oembed/1.0/embedff99]
[apuestapro.xyz/como-elegir-una-casa-de-apuestas-segura/index.html]
[apuestapro.xyz/tutorial-para-usar-sistemas-de-apuestas-automaticas/index.html]
[apuestapro.xyz/guia-para-apostar-en-eventos-deportivos-en-vivo/index.html]
[apuestapro.xyz/wp-json/oembed/1.0/embed0201.json]
[apuestapro.xyz/como-apostar-en-deportes-menos-populares/index.html]
[apuestapro.xyz/como-verificar-tu-cuenta-en-una-casa-de-apuestas/index.html]
[apuestapro.xyz/wp-json/oembed/1.0/embedd723]
[apuestapro.xyz/bwin/index.html]
[apuestapro.xyz/tutorial-para-hacer-una-apuesta-combinada/index.html]
[apuestapro.xyz/politica-privacidad/index.html]
[apuestapro.xyz/guias-y-tutoriales/page/3/index.html]
[apuestapro.xyz/aviso-legal/index.html]
[apuestapro.xyz/bet365/feed/index.html]
[apuestapro.xyz/politica-de-cookies/index.html]
[apuestapro.xyz/codere/feed/index.html]
[apuestapro.xyz/contacto/index.html]
[apuestapro.xyz/betway/feed/index.html]
[apuestapro.xyz/william-hill/feed/index.html]
[apuestapro.xyz/wp-content/uploads/Como-funcionan-las-apuestas-de-marcador-exacto-400x267.webp]
[apuestapro.xyz/wp-content/uploads/Como-funcionan-las-apuestas-overunder-400x267.webp]
[apuestapro.xyz/bwin/feed/index.html]
[apuestapro.xyz/wp-content/uploads/Que-son-las-apuestas-de-total-de-puntos-400x267.webp]
[apuestapro.xyz/wp-content/uploads/Entendiendo-las-apuestas-de-masmenos-en-deportes-400x267.webp]
[apuestapro.xyz/wp-content/uploads/Que-son-las-apuestas-de-sistema-y-como-se-usan-400x267.webp]
[apuestapro.xyz/wp-content/uploads/Apuestas-de-doble-resultado-Todo-lo-que-debes-saber-400x267.webp]
[apuestapro.xyz/wp-content/uploads/Como-funcionan-las-apuestas-de-teaser-400x267.webp]
[apuestapro.xyz/wp-content/uploads/Entendiendo-las-apuestas-de-spread-en-deportes-400x267.webp]
[apuestapro.xyz/wp-content/uploads/Apuestas-de-margen-de-victoria-Guia-completa-400x267.webp]
[apuestapro.xyz/tipos-de-apuestas/page/2/index.html]
[apuestapro.xyz/wp-json/oembed/1.0/embedb121.json]
[apuestapro.xyz/casas-de-apuestas/feed/index.html]
[apuestapro.xyz/como-funcionan-las-apuestas-de-marcador-exacto/index.html]
[apuestapro.xyz/como-funcionan-las-apuestas-over-under/index.html]
[apuestapro.xyz/wp-json/oembed/1.0/embedb751]
[apuestapro.xyz/que-son-las-apuestas-de-total-de-puntos/index.html]
[apuestapro.xyz/entendiendo-las-apuestas-de-mas-menos-en-deportes/index.html]
[apuestapro.xyz/wp-content/uploads/Como-funcionan-las-apuestas-de-futuro.webp]
[apuestapro.xyz/wp-content/uploads/Apuestapro45.webp]
[apuestapro.xyz/que-son-las-apuestas-de-sistema-y-como-se-usan/index.html]
[apuestapro.xyz/wp-content/uploads/Como-funcionan-las-apuestas-head-to-head-150x120.webp]
[apuestapro.xyz/wp-content/uploads/Como-funcionan-las-apuestas-overunder-150x120.webp]
[apuestapro.xyz/wp-content/uploads/Como-funcionan-las-apuestas-de-teaser-150x120.webp]
[apuestapro.xyz/wp-content/uploads/Apuestapro46.webp]
[apuestapro.xyz/como-funcionan-las-apuestas-de-futuro/index.html]
[apuestapro.xyz/apuestas-de-doble-resultado-todo-lo-que-debes-saber/index.html]
[apuestapro.xyz/wp-json/oembed/1.0/embed0d47.json]
[apuestapro.xyz/como-funcionan-las-apuestas-de-teaser/index.html]
[apuestapro.xyz/wp-json/oembed/1.0/embed4c73]
[apuestapro.xyz/entendiendo-las-apuestas-de-spread-en-deportes/index.html]
[apuestapro.xyz/wp-content/uploads/Que-son-las-apuestas-de-cada-camino.webp]
[apuestapro.xyz/apuestas-de-margen-de-victoria-guia-completa/index.html]
[apuestapro.xyz/como-funcionan-las-apuestas-de-futuro/feed/index.html]
[apuestapro.xyz/wp-content/uploads/Apuestapro161.webp]
[apuestapro.xyz/wp-content/uploads/Que-son-las-apuestas-exoticas-en-deportes-150x120.webp]
[apuestapro.xyz/wp-content/uploads/Que-son-las-apuestas-de-primer-goleador-en-futbol-150x120.webp]
[apuestapro.xyz/wp-content/uploads/Apuestapro162.webp]
[apuestapro.xyz/wp-content/uploads/Que-son-las-apuestas-de-medio-tiempocompleto-150x120.webp]
[apuestapro.xyz/que-son-las-apuestas-de-cada-camino/index.html]
[apuestapro.xyz/como-funcionan-las-apuestas-head-to-head/index.html]
[apuestapro.xyz/wp-json/oembed/1.0/embed2b93.json]
[apuestapro.xyz/que-son-las-apuestas-de-cada-camino/feed/index.html]
[apuestapro.xyz/wp-json/oembed/1.0/embed79bc]
[apuestapro.xyz/wp-content/uploads/Que-son-las-apuestas-de-prop-de-jugador.webp]
[apuestapro.xyz/que-son-las-apuestas-de-medio-tiempo-completo/index.html]
[apuestapro.xyz/wp-content/uploads/Apuestapro175.webp]
[apuestapro.xyz/que-son-las-apuestas-de-prop-de-jugador/feed/index.html]
[apuestapro.xyz/wp-content/uploads/Que-son-las-apuestas-de-prop-en-eventos-deportivos-150x120.webp]
[apuestapro.xyz/wp-content/uploads/Que-son-las-apuestas-de-sistema-y-como-se-usan-150x120.webp]
[apuestapro.xyz/wp-content/uploads/Que-son-las-apuestas-de-total-de-puntos-150x120.webp]
[apuestapro.xyz/wp-content/uploads/Apuestapro176.webp]
[apuestapro.xyz/que-son-las-apuestas-de-prop-de-jugador/index.html]
[apuestapro.xyz/wp-json/oembed/1.0/embedc071.json]
[apuestapro.xyz/que-son-las-apuestas-de-primer-goleador-en-futbol/feed/index.html]
[apuestapro.xyz/wp-json/oembed/1.0/embed9cda]
[apuestapro.xyz/wp-content/uploads/Que-son-las-apuestas-de-primer-goleador-en-futbol.webp]
[apuestapro.xyz/wp-content/uploads/Apuestapro165.webp]
[apuestapro.xyz/wp-content/uploads/Que-son-las-apuestas-in-play-en-eventos-deportivos-150x120.webp]
[apuestapro.xyz/wp-content/uploads/Apuestapro166.webp]
[apuestapro.xyz/wp-content/uploads/Que-son-las-apuestas-de-linea-de-dinero-150x120.webp]
[apuestapro.xyz/que-son-las-apuestas-de-primer-goleador-en-futbol/index.html]
[apuestapro.xyz/que-son-las-apuestas-in-play-en-eventos-deportivos/index.html]
[apuestapro.xyz/wp-json/oembed/1.0/embedfa5d.json]
[apuestapro.xyz/que-son-las-apuestas-exoticas-en-deportes/feed/index.html]
[apuestapro.xyz/wp-json/oembed/1.0/embed4e12]
[apuestapro.xyz/wp-content/uploads/Que-son-las-apuestas-exoticas-en-deportes.webp]
[apuestapro.xyz/wp-content/uploads/Apuestapro163.webp]
[apuestapro.xyz/wp-content/uploads/Apuestapro164.webp]
[apuestapro.xyz/que-son-las-apuestas-exoticas-en-deportes/index.html]
[apuestapro.xyz/wp-json/oembed/1.0/embed14a0.json]
[apuestapro.xyz/que-son-las-apuestas-de-prop-en-eventos-deportivos/feed/index.html]
[apuestapro.xyz/wp-json/oembed/1.0/embed78ce]
[apuestapro.xyz/wp-content/uploads/Que-son-las-apuestas-de-prop-en-eventos-deportivos.webp]
[apuestapro.xyz/wp-content/uploads/Apuestapro177.webp]
[apuestapro.xyz/wp-content/uploads/Apuestapro178.webp]
[apuestapro.xyz/wp-content/uploads/Que-es-el-handicap-asiatico-en-apuestas-deportivas-150x120.webp]
[apuestapro.xyz/que-son-las-apuestas-de-prop-en-eventos-deportivos/index.html]
[apuestapro.xyz/wp-json/oembed/1.0/embedab32.json]
[apuestapro.xyz/que-es-el-handicap-asiatico-en-apuestas-deportivas/index.html]
[apuestapro.xyz/como-funcionan-las-apuestas-de-doble-oportunidad/feed/index.html]
[apuestapro.xyz/wp-json/oembed/1.0/embeda9e3]
[apuestapro.xyz/wp-content/uploads/Como-funcionan-las-apuestas-de-doble-oportunidad.webp]
[apuestapro.xyz/wp-content/uploads/Apuestapro39.webp]
[apuestapro.xyz/wp-content/uploads/Como-funcionan-las-apuestas-de-marcador-exacto-150x120.webp]
[apuestapro.xyz/wp-content/uploads/Apuestapro40.webp]
[apuestapro.xyz/wp-content/uploads/Como-funcionan-las-apuestas-de-primer-tiempo-150x120.webp]
[apuestapro.xyz/wp-content/uploads/Como-funcionan-las-apuestas-de-futuro-150x120.webp]
[apuestapro.xyz/como-funcionan-las-apuestas-de-doble-oportunidad/index.html]
[apuestapro.xyz/wp-json/oembed/1.0/embed5320.json]
[apuestapro.xyz/que-son-las-apuestas-de-linea-de-dinero/feed/index.html]
[apuestapro.xyz/wp-json/oembed/1.0/embed7d27]
[apuestapro.xyz/wp-content/uploads/Que-son-las-apuestas-de-linea-de-dinero.webp]
[apuestapro.xyz/wp-content/uploads/Apuestapro171.webp]
[apuestapro.xyz/wp-content/uploads/Que-son-las-apuestas-de-empate-no-accion-150x120.webp]
[apuestapro.xyz/wp-content/uploads/Apuestapro172.webp]
[apuestapro.xyz/wp-content/uploads/Que-son-las-apuestas-de-prop-de-jugador-150x120.webp]
[apuestapro.xyz/que-son-las-apuestas-de-linea-de-dinero/index.html]
[apuestapro.xyz/wp-json/oembed/1.0/embed54ba.json]
[apuestapro.xyz/que-son-las-apuestas-de-empate-no-accion/index.html]
[apuestapro.xyz/como-funcionan-las-apuestas-de-primer-tiempo/feed/index.html]
[apuestapro.xyz/wp-json/oembed/1.0/embedfe4d]
[apuestapro.xyz/wp-content/uploads/Como-funcionan-las-apuestas-de-primer-tiempo.webp]
[apuestapro.xyz/wp-content/uploads/Apuestapro43.webp]
[apuestapro.xyz/wp-content/uploads/Apuestapro44.webp]
[apuestapro.xyz/como-funcionan-las-apuestas-de-primer-tiempo/index.html]
[apuestapro.xyz/wp-content/uploads/Que-es-el-handicap-asiatico-en-apuestas-deportivas-400x267.webp]
[apuestapro.xyz/wp-content/uploads/Que-son-las-apuestas-de-resultado-correcto-400x267.webp]
[apuestapro.xyz/wp-content/uploads/Que-son-las-apuestas-de-medio-tiempocompleto-400x267.webp]
[apuestapro.xyz/wp-content/uploads/Que-son-las-apuestas-in-play-en-eventos-deportivos-400x267.webp]
[apuestapro.xyz/wp-content/uploads/Entendiendo-las-apuestas-de-parlay-en-deportes-400x267.webp]
[apuestapro.xyz/que-son-las-apuestas-de-resultado-correcto/index.html]
[apuestapro.xyz/wp-content/uploads/Que-son-las-apuestas-de-empate-no-accion-400x267.webp]
[apuestapro.xyz/wp-content/uploads/Como-funcionan-las-apuestas-head-to-head-400x267.webp]
[apuestapro.xyz/tipos-de-apuestas/page/3/index.html]
[apuestapro.xyz/wp-content/uploads/Como-ganar-con-apuestas-en-ciclismo-400x267.webp]
[apuestapro.xyz/entendiendo-las-apuestas-de-parlay-en-deportes/index.html]
[apuestapro.xyz/wp-content/uploads/Como-identificar-apuestas-de-valor-400x267.webp]
[apuestapro.xyz/como-ganar-con-apuestas-en-ciclismo/index.html]
[apuestapro.xyz/como-identificar-apuestas-de-valor/index.html]
[apuestapro.xyz/wp-content/uploads/Como-ganar-con-apuestas-en-beisbol-400x267.webp]
[apuestapro.xyz/wp-content/uploads/Estrategias-efectivas-para-apuestas-en-NFL-400x267.webp]
[apuestapro.xyz/wp-content/uploads/Estrategias-ganadoras-para-apuestas-en-futbol-400x267.webp]
[apuestapro.xyz/wp-content/uploads/Estrategias-para-apuestas-en-eSports-400x267.webp]
[apuestapro.xyz/wp-content/uploads/Como-ganar-con-apuestas-en-MLB-400x267.webp]
[apuestapro.xyz/wp-content/uploads/Estrategias-para-apuestas-en-carreras-de-caballos-400x267.webp]
[apuestapro.xyz/como-ganar-con-apuestas-en-beisbol/index.html]
[apuestapro.xyz/wp-content/uploads/Como-apostar-con-exito-en-golf-400x267.webp]
[apuestapro.xyz/estrategias/page/2/index.html]
[apuestapro.xyz/wp-json/oembed/1.0/embed1f8e.json]
[apuestapro.xyz/estrategias-efectivas-para-apuestas-en-nfl/index.html]
[apuestapro.xyz/estrategias-ganadoras-para-apuestas-en-futbol/index.html]
[apuestapro.xyz/wp-json/oembed/1.0/embed60a0]
[apuestapro.xyz/estrategias-para-apuestas-en-esports/index.html]
[apuestapro.xyz/como-ganar-con-apuestas-en-mlb/index.html]
[apuestapro.xyz/wp-content/uploads/Como-encontrar-y-aprovechar-apuestas-seguras.webp]
[apuestapro.xyz/estrategias-para-apuestas-en-carreras-de-caballos/index.html]
[apuestapro.xyz/wp-content/uploads/Apuestapro79.webp]
[apuestapro.xyz/como-apostar-con-exito-en-golf/index.html]
[apuestapro.xyz/como-encontrar-y-aprovechar-apuestas-seguras/feed/index.html]
[apuestapro.xyz/wp-content/uploads/Como-identificar-apuestas-de-valor-150x120.webp]
[apuestapro.xyz/wp-content/uploads/Apuestapro80.webp]
[apuestapro.xyz/wp-content/uploads/Como-gestionar-tu-bankroll-en-apuestas-deportivas-150x120.webp]
[apuestapro.xyz/wp-content/uploads/Como-ganar-con-apuestas-en-beisbol-150x120.webp]
[apuestapro.xyz/como-encontrar-y-aprovechar-apuestas-seguras/index.html]
[apuestapro.xyz/wp-json/oembed/1.0/embed7d2e.json]
[apuestapro.xyz/como-gestionar-tu-bankroll-en-apuestas-deportivas/index.html]
[apuestapro.xyz/wp-json/oembed/1.0/embed2a7f]
[apuestapro.xyz/importancia-del-analisis-de-estadisticas-en-apuestas/feed/index.html]
[apuestapro.xyz/wp-content/uploads/Importancia-del-analisis-de-estadisticas-en-apuestas.webp]
[apuestapro.xyz/wp-content/uploads/Apuestapro117.webp]
[apuestapro.xyz/wp-content/uploads/Estrategias-clave-para-apuestas-deportivas-en-vivo-150x120.webp]
[apuestapro.xyz/wp-content/uploads/Estrategias-para-apuestas-en-NHL-150x120.webp]
[apuestapro.xyz/wp-content/uploads/Estrategias-para-apuestas-en-eSports-150x120.webp]
[apuestapro.xyz/wp-content/uploads/Apuestapro118.webp]
[apuestapro.xyz/importancia-del-analisis-de-estadisticas-en-apuestas/index.html]
[apuestapro.xyz/estrategias-para-apuestas-en-nhl/index.html]
[apuestapro.xyz/wp-json/oembed/1.0/embedb731.json]
[apuestapro.xyz/estrategias-para-apuestas-en-hockey/index.html]
[apuestapro.xyz/estrategias-para-apuestas-en-futbol-americano/feed/index.html]
[apuestapro.xyz/wp-json/oembed/1.0/embedada7]
[apuestapro.xyz/wp-content/uploads/Estrategias-para-apuestas-en-futbol-americano.webp]
[apuestapro.xyz/wp-content/uploads/Apuestapro1.webp]
[apuestapro.xyz/wp-content/uploads/Estrategias-para-apuestas-en-boxeo-150x120.webp]
[apuestapro.xyz/wp-content/uploads/Estrategias-efectivas-para-apuestas-en-baloncesto-150x120.webp]
[apuestapro.xyz/wp-content/uploads/Estrategias-efectivas-para-apuestas-en-cricket-150x120.webp]
[apuestapro.xyz/wp-content/uploads/Apuestapro2.webp]
[apuestapro.xyz/estrategias-para-apuestas-en-futbol-americano/index.html]
[apuestapro.xyz/wp-json/oembed/1.0/embed6ece.json]
[apuestapro.xyz/estrategias-efectivas-para-apuestas-en-baloncesto/feed/index.html]
[apuestapro.xyz/wp-json/oembed/1.0/embed6e00]
[apuestapro.xyz/wp-content/uploads/Estrategias-efectivas-para-apuestas-en-baloncesto.webp]
[apuestapro.xyz/wp-content/uploads/Apuestapro9.webp]
[apuestapro.xyz/wp-content/uploads/Apuestapro10.webp]
[apuestapro.xyz/wp-content/uploads/Estrategias-efectivas-para-apuestas-en-NFL-150x120.webp]
[apuestapro.xyz/wp-content/uploads/Estrategias-efectivas-para-apuestas-deportivas-150x120.webp]
[apuestapro.xyz/estrategias-efectivas-para-apuestas-en-baloncesto/index.html]
[apuestapro.xyz/estrategias-efectivas-para-apuestas-deportivas/index.html]
[apuestapro.xyz/wp-json/oembed/1.0/embed0611.json]
[apuestapro.xyz/estrategias-clave-para-apuestas-deportivas-en-vivo/feed/index.html]
[apuestapro.xyz/wp-json/oembed/1.0/embed3019]
[apuestapro.xyz/wp-content/uploads/Estrategias-clave-para-apuestas-deportivas-en-vivo.webp]
[apuestapro.xyz/wp-content/uploads/Apuestapro121.webp]
[apuestapro.xyz/wp-content/uploads/Que-es-el-arbitrage-en-apuestas-deportivas-150x120.webp]
[apuestapro.xyz/wp-content/uploads/Apuestapro122.webp]
[apuestapro.xyz/estrategias-clave-para-apuestas-deportivas-en-vivo/index.html]
[apuestapro.xyz/wp-json/oembed/1.0/embed6902.json]
[apuestapro.xyz/que-es-el-arbitrage-en-apuestas-deportivas/index.html]
[apuestapro.xyz/como-apostar-con-exito-en-nba/feed/index.html]
[apuestapro.xyz/wp-json/oembed/1.0/embed8f61]
[apuestapro.xyz/wp-content/uploads/Como-apostar-con-exito-en-NBA.webp]
[apuestapro.xyz/wp-content/uploads/Apuestapro65.webp]
[apuestapro.xyz/wp-content/uploads/Como-apostar-con-exito-en-rugby-150x120.webp]
[apuestapro.xyz/wp-content/uploads/Como-apostar-con-exito-en-tenis-150x120.webp]
[apuestapro.xyz/wp-content/uploads/Como-encontrar-y-aprovechar-apuestas-seguras-150x120.webp]
[apuestapro.xyz/wp-content/uploads/Apuestapro66.webp]
[apuestapro.xyz/como-apostar-con-exito-en-nba/index.html]
[apuestapro.xyz/como-apostar-con-exito-en-rugby/index.html]
[apuestapro.xyz/wp-json/oembed/1.0/embedc089.json]
[apuestapro.xyz/como-apostar-con-exito-en-tenis/index.html]
[apuestapro.xyz/wp-json/oembed/1.0/embed3397]
[apuestapro.xyz/estrategias-efectivas-para-apuestas-en-cricket/feed/index.html]
[apuestapro.xyz/wp-content/uploads/Estrategias-efectivas-para-apuestas-en-cricket.webp]
[apuestapro.xyz/wp-content/uploads/Apuestapro11.webp]
[apuestapro.xyz/wp-content/uploads/Apuestapro12.webp]
[apuestapro.xyz/wp-content/uploads/Estrategias-para-apuestas-en-hockey-150x120.webp]
[apuestapro.xyz/estrategias-efectivas-para-apuestas-en-cricket/index.html]
[apuestapro.xyz/wp-json/oembed/1.0/embed5b3e.json]
[apuestapro.xyz/estrategias-para-apuestas-en-boxeo/feed/index.html]
[apuestapro.xyz/wp-json/oembed/1.0/embedc41a]
[apuestapro.xyz/wp-content/uploads/Estrategias-para-apuestas-en-boxeo.webp]
[apuestapro.xyz/wp-content/uploads/Apuestapro3.webp]
[apuestapro.xyz/wp-content/uploads/Apuestapro4.webp]
[apuestapro.xyz/estrategias-para-apuestas-en-boxeo/index.html]
[apuestapro.xyz/wp-content/uploads/Que-es-el-arbitrage-en-apuestas-deportivas-400x267.webp]
[apuestapro.xyz/wp-content/uploads/Estrategias-para-apuestas-en-boxeo-400x267.webp]
[apuestapro.xyz/wp-content/uploads/Como-apostar-con-exito-en-rugby-400x267.webp]
[apuestapro.xyz/wp-content/uploads/Como-apostar-con-exito-en-tenis-400x267.webp]
[apuestapro.xyz/wp-content/uploads/Como-ganar-con-apuestas-en-MMA-400x267.webp]
[apuestapro.xyz/wp-content/uploads/Estrategias-para-apuestas-en-NHL-400x267.webp]
[apuestapro.xyz/wp-content/uploads/Como-gestionar-tu-bankroll-en-apuestas-deportivas-400x267.webp]
[apuestapro.xyz/wp-content/uploads/Estrategias-efectivas-para-apuestas-deportivas-400x267.webp]
[apuestapro.xyz/estrategias/page/3/index.html]
[apuestapro.xyz/como-ganar-con-apuestas-en-mma/index.html]
[apuestapro.xyz/wp-content/uploads/Importancia-del-analisis-de-estadisticas-en-NFL-400x267.webp]
[apuestapro.xyz/wp-content/uploads/Metodos-para-el-analisis-de-jugadores-en-MLB-400x267.webp]
[apuestapro.xyz/wp-content/uploads/Tecnicas-para-el-analisis-de-combates-de-boxeo-400x267.webp]
[apuestapro.xyz/wp-content/uploads/Herramientas-para-el-analisis-de-rendimiento-en-hockey-400x267.webp]
[apuestapro.xyz/importancia-del-analisis-de-estadisticas-en-nfl/index.html]
[apuestapro.xyz/wp-content/uploads/Como-hacer-un-analisis-completo-de-partidos-de-futbol-400x267.webp]
[apuestapro.xyz/wp-content/uploads/Como-hacer-un-analisis-completo-de-partidos-de-rugby-400x267.webp]
[apuestapro.xyz/wp-content/uploads/Como-hacer-un-analisis-detallado-de-partidos-de-beisbol-400x267.webp]
[apuestapro.xyz/wp-content/uploads/Como-usar-estadisticas-para-el-analisis-de-futbol-400x267.webp]
[apuestapro.xyz/metodos-para-el-analisis-de-jugadores-en-mlb/index.html]
[apuestapro.xyz/wp-content/uploads/Estrategias-para-el-analisis-de-tacticas-en-baloncesto-400x267.webp]
[apuestapro.xyz/analisis-de-deportes/page/2/index.html]
[apuestapro.xyz/wp-json/oembed/1.0/embed0bc5.json]
[apuestapro.xyz/tecnicas-para-el-analisis-de-combates-de-boxeo/index.html]
[apuestapro.xyz/herramientas-para-el-analisis-de-rendimiento-en-hockey/index.html]
[apuestapro.xyz/como-hacer-un-analisis-completo-de-partidos-de-futbol/index.html]
[apuestapro.xyz/wp-json/oembed/1.0/embed1c85]
[apuestapro.xyz/como-hacer-un-analisis-completo-de-partidos-de-rugby/index.html]
[apuestapro.xyz/wp-content/uploads/Metodos-para-el-analisis-de-rendimiento-en-deportes-de-motor.webp]
[apuestapro.xyz/como-hacer-un-analisis-detallado-de-partidos-de-beisbol/index.html]
[apuestapro.xyz/wp-content/uploads/Apuestapro127.webp]
[apuestapro.xyz/como-usar-estadisticas-para-el-analisis-de-futbol/index.html]
[apuestapro.xyz/estrategias-para-el-analisis-de-tacticas-en-baloncesto/index.html]
[apuestapro.xyz/wp-content/uploads/Metodos-para-el-analisis-de-jugadores-en-MLB-150x120.webp]
[apuestapro.xyz/wp-content/uploads/Estrategias-para-el-analisis-de-equipos-en-futbol-americano-150x120.webp]
[apuestapro.xyz/wp-content/uploads/Estrategias-para-el-analisis-de-rendimiento-en-NHL-150x120.webp]
[apuestapro.xyz/metodos-para-el-analisis-de-rendimiento-en-deportes-de-motor/feed/index.html]
[apuestapro.xyz/wp-content/uploads/Apuestapro128.webp]
[apuestapro.xyz/metodos-para-el-analisis-de-rendimiento-en-deportes-de-motor/index.html]
[apuestapro.xyz/wp-json/oembed/1.0/embedd4e4.json]
[apuestapro.xyz/estrategias-para-el-analisis-de-equipos-en-futbol-americano/index.html]
[apuestapro.xyz/wp-json/oembed/1.0/embed7010]
[apuestapro.xyz/como-hacer-un-analisis-exhaustivo-de-peleas-de-mma/feed/index.html]
[apuestapro.xyz/wp-content/uploads/Como-hacer-un-analisis-exhaustivo-de-peleas-de-MMA.webp]
[apuestapro.xyz/wp-content/uploads/Apuestapro77.webp]
[apuestapro.xyz/wp-content/uploads/Como-hacer-un-analisis-completo-de-partidos-de-futbol-150x120.webp]
[apuestapro.xyz/wp-content/uploads/Como-hacer-un-analisis-detallado-de-partidos-de-voleibol-150x120.webp]
[apuestapro.xyz/wp-content/uploads/Apuestapro78.webp]
[apuestapro.xyz/wp-content/uploads/Como-realizar-un-analisis-efectivo-de-carreras-de-caballos-150x120.webp]
[apuestapro.xyz/como-hacer-un-analisis-exhaustivo-de-peleas-de-mma/index.html]
[apuestapro.xyz/como-hacer-un-analisis-detallado-de-partidos-de-voleibol/index.html]
[apuestapro.xyz/wp-json/oembed/1.0/embedfed1.json]
[apuestapro.xyz/como-realizar-un-analisis-efectivo-de-carreras-de-caballos/index.html]
[apuestapro.xyz/wp-json/oembed/1.0/embed6ffa]
[apuestapro.xyz/estrategias-para-el-analisis-de-rendimiento-en-nhl/feed/index.html]
[apuestapro.xyz/wp-content/uploads/Estrategias-para-el-analisis-de-rendimiento-en-NHL.webp]
[apuestapro.xyz/wp-content/uploads/Apuestapro137.webp]
[apuestapro.xyz/wp-content/uploads/Estrategias-para-el-analisis-de-tacticas-en-baloncesto-150x120.webp]
[apuestapro.xyz/wp-content/uploads/Tecnicas-para-el-analisis-de-combates-de-boxeo-150x120.webp]
[apuestapro.xyz/wp-content/uploads/Herramientas-para-el-analisis-de-rendimiento-en-hockey-150x120.webp]
[apuestapro.xyz/wp-content/uploads/Apuestapro138.webp]
[apuestapro.xyz/estrategias-para-el-analisis-de-rendimiento-en-nhl/index.html]
[apuestapro.xyz/wp-json/oembed/1.0/embed9246.json]
[apuestapro.xyz/como-analizar-equipos-en-la-nba/feed/index.html]
[apuestapro.xyz/wp-json/oembed/1.0/embed80c1]
[apuestapro.xyz/wp-content/uploads/Como-analizar-equipos-en-la-NBA.webp]
[apuestapro.xyz/wp-content/uploads/Como-analizar-el-rendimiento-en-partidos-de-tenis-150x120.webp]
[apuestapro.xyz/wp-content/uploads/Apuestapro57.webp]
[apuestapro.xyz/wp-content/uploads/Como-hacer-un-analisis-completo-de-partidos-de-rugby-150x120.webp]
[apuestapro.xyz/wp-content/uploads/Como-hacer-un-analisis-detallado-de-partidos-de-beisbol-150x120.webp]
[apuestapro.xyz/wp-content/uploads/Apuestapro58.webp]
[apuestapro.xyz/como-analizar-equipos-en-la-nba/index.html]
[apuestapro.xyz/como-analizar-el-rendimiento-en-partidos-de-tenis/index.html]
[apuestapro.xyz/wp-json/oembed/1.0/embed2174.json]
[apuestapro.xyz/tecnicas-para-el-analisis-de-partidos-de-cricket/feed/index.html]
[apuestapro.xyz/wp-json/oembed/1.0/embed7c70]
[apuestapro.xyz/wp-content/uploads/Tecnicas-para-el-analisis-de-partidos-de-cricket.webp]
[apuestapro.xyz/wp-content/uploads/Apuestapro5.webp]
[apuestapro.xyz/wp-content/uploads/Como-analizar-torneos-de-golf-de-manera-efectiva-150x120.webp]
[apuestapro.xyz/wp-content/uploads/Como-analizar-equipos-en-la-NBA-150x120.webp]
[apuestapro.xyz/wp-content/uploads/Apuestapro6.webp]
[apuestapro.xyz/tecnicas-para-el-analisis-de-partidos-de-cricket/index.html]
[apuestapro.xyz/wp-json/oembed/1.0/embed381a.json]
[apuestapro.xyz/herramientas-para-el-analisis-de-rendimiento-en-ciclismo/feed/index.html]
[apuestapro.xyz/wp-json/oembed/1.0/embeda78d]
[apuestapro.xyz/wp-content/uploads/Herramientas-para-el-analisis-de-rendimiento-en-ciclismo.webp]
[apuestapro.xyz/wp-content/uploads/Apuestapro145.webp]
[apuestapro.xyz/wp-content/uploads/Tecnicas-para-el-analisis-de-partidos-de-cricket-150x120.webp]
[apuestapro.xyz/wp-content/uploads/Apuestapro146.webp]
[apuestapro.xyz/herramientas-para-el-analisis-de-rendimiento-en-ciclismo/index.html]
[apuestapro.xyz/wp-json/oembed/1.0/embed2294.json]
[apuestapro.xyz/como-analizar-torneos-de-golf-de-manera-efectiva/feed/index.html]
[apuestapro.xyz/wp-json/oembed/1.0/embedbf4e]
[apuestapro.xyz/wp-content/uploads/Como-analizar-torneos-de-golf-de-manera-efectiva.webp]
[apuestapro.xyz/wp-content/uploads/Apuestapro55.webp]
[apuestapro.xyz/wp-content/uploads/Apuestapro56.webp]
[apuestapro.xyz/como-analizar-torneos-de-golf-de-manera-efectiva/index.html]
[apuestapro.xyz/wp-json/oembed/1.0/embedb9f7.json]
[apuestapro.xyz/metodos-para-el-analisis-de-jugadores-en-esports/feed/index.html]
[apuestapro.xyz/wp-json/oembed/1.0/embed2a76]
[apuestapro.xyz/wp-content/uploads/Metodos-para-el-analisis-de-jugadores-en-eSports.webp]
[apuestapro.xyz/wp-content/uploads/Apuestapro125.webp]
[apuestapro.xyz/wp-content/uploads/Metodos-para-el-analisis-de-rendimiento-en-deportes-de-motor-150x120.webp]
[apuestapro.xyz/wp-content/uploads/Apuestapro126.webp]
[apuestapro.xyz/metodos-para-el-analisis-de-jugadores-en-esports/index.html]
[apuestapro.xyz/wp-json/oembed/1.0/embed13d5.json]
[apuestapro.xyz/importancia-del-analisis-de-estadisticas-en-baloncesto/feed/index.html]
[apuestapro.xyz/wp-json/oembed/1.0/embed1a14]
[apuestapro.xyz/wp-content/uploads/Importancia-del-analisis-de-estadisticas-en-baloncesto.webp]
[apuestapro.xyz/wp-content/uploads/Apuestapro115.webp]
[apuestapro.xyz/wp-content/uploads/Importancia-del-analisis-de-estadisticas-en-NFL-150x120.webp]
[apuestapro.xyz/wp-content/uploads/Metodos-para-el-analisis-de-jugadores-en-eSports-150x120.webp]
[apuestapro.xyz/wp-content/uploads/Apuestapro116.webp]
[apuestapro.xyz/importancia-del-analisis-de-estadisticas-en-baloncesto/index.html]
[apuestapro.xyz/wp-content/uploads/Como-hacer-un-analisis-detallado-de-partidos-de-voleibol-400x267.webp]
[apuestapro.xyz/wp-content/uploads/Como-analizar-el-rendimiento-en-partidos-de-tenis-400x267.webp]
[apuestapro.xyz/wp-content/uploads/Como-realizar-un-analisis-efectivo-de-carreras-de-caballos-400x267.webp]
[apuestapro.xyz/wp-content/uploads/Estrategias-para-el-analisis-de-equipos-en-futbol-americano-400x267.webp]
[apuestapro.xyz/analisis-de-deportes/page/3/index.html]
[apuestapro.xyz/wp-content/uploads/Guia-para-registrarse-en-casas-de-apuestas-online-400x267.webp]
[apuestapro.xyz/wp-content/uploads/Como-seguir-eventos-deportivos-en-directo-400x267.webp]
[apuestapro.xyz/wp-content/uploads/Como-funcionan-las-cuotas-en-apuestas-deportivas-400x267.webp]
[apuestapro.xyz/guia-para-registrarse-en-casas-de-apuestas-online/index.html]
[apuestapro.xyz/wp-content/uploads/Como-entender-las-probabilidades-en-apuestas-400x267.webp]
[apuestapro.xyz/wp-content/uploads/Guia-para-empezar-en-apuestas-deportivas-400x267.webp]
[apuestapro.xyz/como-seguir-eventos-deportivos-en-directo/index.html]
[apuestapro.xyz/wp-content/uploads/Guia-para-usar-metodos-de-pago-en-apuestas-deportivas-400x267.webp]
[apuestapro.xyz/wp-content/uploads/Como-seguir-pronosticos-deportivos-de-expertos-400x267.webp]
[apuestapro.xyz/wp-content/uploads/Como-usar-herramientas-de-apuestas-deportivas-400x267.webp]
[apuestapro.xyz/como-funcionan-las-cuotas-en-apuestas-deportivas/index.html]
[apuestapro.xyz/wp-content/uploads/Guia-para-utilizar-bonos-de-apuestas-deportivas-400x267.webp]
[apuestapro.xyz/guias-y-tutoriales/page/2/index.html]
[apuestapro.xyz/wp-json/oembed/1.0/embed35a5.json]
[apuestapro.xyz/como-entender-las-probabilidades-en-apuestas/index.html]
[apuestapro.xyz/wp-json/oembed/1.0/embedbc95]
[apuestapro.xyz/guia-para-empezar-en-apuestas-deportivas/index.html]
[apuestapro.xyz/guia-para-usar-metodos-de-pago-en-apuestas-deportivas/index.html]
[apuestapro.xyz/como-seguir-pronosticos-deportivos-de-expertos/index.html]
[apuestapro.xyz/wp-content/uploads/Como-retirar-tus-ganancias-en-apuestas-deportivas.webp]
[apuestapro.xyz/wp-content/uploads/Apuestapro113.webp]
[apuestapro.xyz/wp-content/uploads/Tutorial-para-apostar-en-deportes-virtuales-150x120.webp]
[apuestapro.xyz/como-usar-herramientas-de-apuestas-deportivas/index.html]
[apuestapro.xyz/wp-content/uploads/Tutorial-para-usar-sistemas-de-apuestas-automaticas-150x120.webp]
[apuestapro.xyz/guia-para-utilizar-bonos-de-apuestas-deportivas/index.html]
[apuestapro.xyz/wp-content/uploads/Tutorial-para-usar-aplicaciones-de-apuestas-deportivas-150x120.webp]
[apuestapro.xyz/wp-content/uploads/Apuestapro114.webp]
[apuestapro.xyz/como-retirar-tus-ganancias-en-apuestas-deportivas/index.html]
[apuestapro.xyz/como-retirar-tus-ganancias-en-apuestas-deportivas/feed/index.html]
[apuestapro.xyz/wp-json/oembed/1.0/embed4aa0.json]
[apuestapro.xyz/tutorial-para-apostar-en-deportes-virtuales/index.html]
[apuestapro.xyz/tutorial-para-usar-aplicaciones-de-apuestas-deportivas/index.html]
[apuestapro.xyz/wp-json/oembed/1.0/embed6fa9]
[apuestapro.xyz/wp-content/uploads/Como-retirar-tus-ganancias-en-apuestas-deportivas-400x267.webp]
[apuestapro.xyz/wp-content/uploads/Guia-para-evitar-fraudes-en-apuestas-online.webp]
[apuestapro.xyz/wp-content/uploads/Apuestapro19.webp]
[apuestapro.xyz/wp-content/uploads/Guia-para-apostar-en-eventos-deportivos-en-vivo-150x120.webp]
[apuestapro.xyz/wp-content/uploads/Guia-para-empezar-en-apuestas-deportivas-150x120.webp]
[apuestapro.xyz/guia-para-evitar-fraudes-en-apuestas-online/feed/index.html]
[apuestapro.xyz/wp-content/uploads/Apuestapro20.webp]
[apuestapro.xyz/wp-content/uploads/Guia-para-gestionar-el-riesgo-en-apuestas-deportivas-150x120.webp]
[apuestapro.xyz/guia-para-evitar-fraudes-en-apuestas-online/index.html]
[apuestapro.xyz/wp-json/oembed/1.0/embed5b54.json]
[apuestapro.xyz/guia-para-gestionar-el-riesgo-en-apuestas-deportivas/index.html]
[apuestapro.xyz/wp-content/uploads/Guia-para-evitar-fraudes-en-apuestas-online-400x267.webp]
[apuestapro.xyz/guia-para-entender-los-terminos-de-apuestas-deportivas/feed/index.html]
[apuestapro.xyz/wp-json/oembed/1.0/embed02dd]
[apuestapro.xyz/wp-content/uploads/Guia-para-entender-los-terminos-de-apuestas-deportivas.webp]
[apuestapro.xyz/wp-content/uploads/Apuestapro29.webp]
[apuestapro.xyz/wp-content/uploads/Guia-para-utilizar-bonos-de-apuestas-deportivas-150x120.webp]
[apuestapro.xyz/wp-content/uploads/Guia-para-usar-metodos-de-pago-en-apuestas-deportivas-150x120.webp]
[apuestapro.xyz/wp-content/uploads/Apuestapro30.webp]
[apuestapro.xyz/wp-content/uploads/Guia-para-usar-estadisticas-en-apuestas-deportivas-150x120.webp]
[apuestapro.xyz/guia-para-entender-los-terminos-de-apuestas-deportivas/index.html]
[apuestapro.xyz/wp-json/oembed/1.0/embedb494.json]
[apuestapro.xyz/guia-para-usar-estadisticas-en-apuestas-deportivas/index.html]
[apuestapro.xyz/wp-json/oembed/1.0/embed39b1]
[apuestapro.xyz/como-elegir-una-casa-de-apuestas-segura/feed/index.html]
[apuestapro.xyz/wp-content/uploads/Como-elegir-una-casa-de-apuestas-segura.webp]
[apuestapro.xyz/wp-content/uploads/Apuestapro71.webp]
[apuestapro.xyz/wp-content/uploads/Como-seguir-pronosticos-deportivos-de-expertos-150x120.webp]
[apuestapro.xyz/wp-content/uploads/Como-seguir-eventos-deportivos-en-directo-150x120.webp]
[apuestapro.xyz/wp-content/uploads/Tutorial-para-hacer-una-apuesta-combinada-150x120.webp]
[apuestapro.xyz/wp-content/uploads/Apuestapro72.webp]
[apuestapro.xyz/como-elegir-una-casa-de-apuestas-segura/index.html]
[apuestapro.xyz/wp-json/oembed/1.0/embedf0b7.json]
[apuestapro.xyz/tutorial-para-usar-sistemas-de-apuestas-automaticas/feed/index.html]
[apuestapro.xyz/wp-json/oembed/1.0/embedc846]
[apuestapro.xyz/wp-content/uploads/Tutorial-para-usar-sistemas-de-apuestas-automaticas.webp]
[apuestapro.xyz/wp-content/uploads/Apuestapro149.webp]
[apuestapro.xyz/wp-content/uploads/Apuestapro150.webp]
[apuestapro.xyz/wp-content/uploads/Guia-para-evitar-fraudes-en-apuestas-online-150x120.webp]
[apuestapro.xyz/tutorial-para-usar-sistemas-de-apuestas-automaticas/index.html]
[apuestapro.xyz/wp-json/oembed/1.0/embed5969.json]
[apuestapro.xyz/guia-para-apostar-en-eventos-deportivos-en-vivo/feed/index.html]
[apuestapro.xyz/wp-json/oembed/1.0/embed247c]
[apuestapro.xyz/wp-content/uploads/Guia-para-apostar-en-eventos-deportivos-en-vivo.webp]
[apuestapro.xyz/wp-content/uploads/Apuestapro21.webp]
[apuestapro.xyz/wp-content/uploads/Guia-para-registrarse-en-casas-de-apuestas-online-150x120.webp]
[apuestapro.xyz/wp-content/uploads/Apuestapro22.webp]
[apuestapro.xyz/guia-para-apostar-en-eventos-deportivos-en-vivo/index.html]
[apuestapro.xyz/wp-json/oembed/1.0/embed6348.json]
[apuestapro.xyz/como-apostar-en-deportes-menos-populares/feed/index.html]
[apuestapro.xyz/wp-json/oembed/1.0/embed34ca]
[apuestapro.xyz/wp-content/uploads/Como-apostar-en-deportes-menos-populares.webp]
[apuestapro.xyz/wp-content/uploads/Apuestapro61.webp]
[apuestapro.xyz/wp-content/uploads/Como-elegir-una-casa-de-apuestas-segura-150x120.webp]
[apuestapro.xyz/wp-content/uploads/Apuestapro62.webp]
[apuestapro.xyz/como-apostar-en-deportes-menos-populares/index.html]
[apuestapro.xyz/wp-content/uploads/Como-apostar-en-deportes-menos-populares-400x267.webp]
[apuestapro.xyz/wp-json/oembed/1.0/embedf50e.json]
[apuestapro.xyz/como-verificar-tu-cuenta-en-una-casa-de-apuestas/feed/index.html]
[apuestapro.xyz/wp-json/oembed/1.0/embedd0bf]
[apuestapro.xyz/wp-content/uploads/Como-verificar-tu-cuenta-en-una-casa-de-apuestas.webp]
[apuestapro.xyz/wp-content/uploads/Apuestapro103.webp]
[apuestapro.xyz/wp-content/uploads/Como-retirar-tus-ganancias-en-apuestas-deportivas-150x120.webp]
[apuestapro.xyz/wp-content/uploads/Apuestapro104.webp]
[apuestapro.xyz/como-verificar-tu-cuenta-en-una-casa-de-apuestas/index.html]
[apuestapro.xyz/wp-json/oembed/1.0/embedfae9.json]
[apuestapro.xyz/tutorial-para-hacer-una-apuesta-combinada/feed/index.html]
[apuestapro.xyz/wp-json/oembed/1.0/embed4cf4]
[apuestapro.xyz/wp-content/uploads/Tutorial-para-hacer-una-apuesta-combinada.webp]
[apuestapro.xyz/wp-content/uploads/Apuestapro95.webp]
[apuestapro.xyz/wp-content/uploads/Como-entender-las-probabilidades-en-apuestas-150x120.webp]
[apuestapro.xyz/wp-content/uploads/Como-usar-herramientas-de-apuestas-deportivas-150x120.webp]
[apuestapro.xyz/wp-content/uploads/Apuestapro96.webp]
[apuestapro.xyz/wp-content/uploads/Como-verificar-tu-cuenta-en-una-casa-de-apuestas-150x120.webp]
[apuestapro.xyz/tutorial-para-hacer-una-apuesta-combinada/index.html]
[apuestapro.xyz/wp-content/uploads/Tutorial-para-apostar-en-deportes-virtuales-400x267.webp]
[apuestapro.xyz/wp-content/uploads/Tutorial-para-usar-aplicaciones-de-apuestas-deportivas-400x267.webp]
[apuestapro.xyz/wp-content/uploads/Guia-para-usar-estadisticas-en-apuestas-deportivas-400x267.webp]
[apuestapro.xyz/wp-content/uploads/Guia-para-gestionar-el-riesgo-en-apuestas-deportivas-400x267.webp]
[apuestapro.xyz/guias-y-tutoriales/page/3/index.html]
[apuestapro.xyz/index7b17.html]
[apuestapro.xyz/bet365/fb-messenger_/share/index0ae0.html]
[apuestapro.xyz/index5721.html]
[apuestapro.xyz/codere/fb-messenger_/share/index4704.html]
[apuestapro.xyz/indexc140.html]
[apuestapro.xyz/betway/fb-messenger_/share/indexfb77.html]
[apuestapro.xyz/index4e6a.html]
[apuestapro.xyz/william-hill/fb-messenger_/share/indexb2ed.html]
[apuestapro.xyz/indexf3dd.html]
[apuestapro.xyz/bwin/fb-messenger_/share/indexb975.html]
[apuestapro.xyz/wp-includes/js/comment-reply.min9704.js]
[apuestapro.xyz/wp-json/oembed/1.0/embedd9f8.json]
[apuestapro.xyz/como-funcionan-las-apuestas-de-marcador-exacto/feed/index.html]
[apuestapro.xyz/wp-json/oembed/1.0/embed3749]
[apuestapro.xyz/wp-content/uploads/Como-funcionan-las-apuestas-de-marcador-exacto.webp]
[apuestapro.xyz/wp-content/uploads/Apuestapro41.webp]
[apuestapro.xyz/wp-content/uploads/Apuestapro42.webp]
[apuestapro.xyz/como-funcionan-las-apuestas-de-marcador-exacto/index.html]
[apuestapro.xyz/wp-json/oembed/1.0/embed619f.json]
[apuestapro.xyz/como-funcionan-las-apuestas-over-under/feed/index.html]
[apuestapro.xyz/wp-json/oembed/1.0/embed1834]
[apuestapro.xyz/wp-content/uploads/Como-funcionan-las-apuestas-overunder.webp]
[apuestapro.xyz/wp-content/uploads/Apuestapro49.webp]
[apuestapro.xyz/wp-content/uploads/Apuestas-de-margen-de-victoria-Guia-completa-150x120.webp]
[apuestapro.xyz/wp-content/uploads/Apuestapro50.webp]
[apuestapro.xyz/wp-content/uploads/Entendiendo-las-apuestas-de-masmenos-en-deportes-150x120.webp]
[apuestapro.xyz/como-funcionan-las-apuestas-over-under/index.html]
[apuestapro.xyz/wp-json/oembed/1.0/embed493d.json]
[apuestapro.xyz/que-son-las-apuestas-de-total-de-puntos/feed/index.html]
[apuestapro.xyz/wp-json/oembed/1.0/embedad47]
[apuestapro.xyz/wp-content/uploads/Que-son-las-apuestas-de-total-de-puntos.webp]
[apuestapro.xyz/wp-content/uploads/Apuestapro181.webp]
[apuestapro.xyz/wp-content/uploads/Apuestas-de-doble-resultado-Todo-lo-que-debes-saber-150x120.webp]
[apuestapro.xyz/wp-content/uploads/Como-funcionan-las-apuestas-de-doble-oportunidad-150x120.webp]
[apuestapro.xyz/wp-content/uploads/Apuestapro182.webp]
[apuestapro.xyz/que-son-las-apuestas-de-total-de-puntos/index.html]
[apuestapro.xyz/wp-json/oembed/1.0/embedfdc4.json]
[apuestapro.xyz/entendiendo-las-apuestas-de-mas-menos-en-deportes/feed/index.html]
[apuestapro.xyz/wp-json/oembed/1.0/embede75e]
[apuestapro.xyz/wp-content/uploads/Entendiendo-las-apuestas-de-masmenos-en-deportes.webp]
[apuestapro.xyz/wp-content/uploads/Apuestapro153.webp]
[apuestapro.xyz/wp-content/uploads/Entendiendo-las-apuestas-de-parlay-en-deportes-150x120.webp]
[apuestapro.xyz/wp-content/uploads/Apuestapro154.webp]
[apuestapro.xyz/wp-content/uploads/Entendiendo-las-apuestas-de-spread-en-deportes-150x120.webp]
[apuestapro.xyz/wp-content/uploads/Que-son-las-apuestas-de-resultado-correcto-150x120.webp]
[apuestapro.xyz/entendiendo-las-apuestas-de-mas-menos-en-deportes/index.html]
[apuestapro.xyz/wp-json/oembed/1.0/embedf7f4.json]
[apuestapro.xyz/que-son-las-apuestas-de-sistema-y-como-se-usan/feed/index.html]
[apuestapro.xyz/wp-json/oembed/1.0/embed4b4e]
[apuestapro.xyz/wp-content/uploads/Que-son-las-apuestas-de-sistema-y-como-se-usan.webp]
[apuestapro.xyz/wp-content/uploads/Apuestapro179.webp]
[apuestapro.xyz/wp-content/uploads/Apuestapro180.webp]
[apuestapro.xyz/que-son-las-apuestas-de-sistema-y-como-se-usan/index.html]
[apuestapro.xyz/wp-json/oembed/1.0/embedfc22.json]
[apuestapro.xyz/apuestas-de-doble-resultado-todo-lo-que-debes-saber/feed/index.html]
[apuestapro.xyz/wp-json/oembed/1.0/embedc518]
[apuestapro.xyz/wp-content/uploads/Apuestas-de-doble-resultado-Todo-lo-que-debes-saber.webp]
[apuestapro.xyz/wp-content/uploads/Apuestapro7.webp]
[apuestapro.xyz/wp-content/uploads/Apuestapro8.webp]
[apuestapro.xyz/apuestas-de-doble-resultado-todo-lo-que-debes-saber/index.html]
[apuestapro.xyz/wp-json/oembed/1.0/embed90d4.json]
[apuestapro.xyz/como-funcionan-las-apuestas-de-teaser/feed/index.html]
[apuestapro.xyz/wp-json/oembed/1.0/embeddd39]
[apuestapro.xyz/wp-content/uploads/Como-funcionan-las-apuestas-de-teaser.webp]
[apuestapro.xyz/wp-content/uploads/Apuestapro53.webp]
[apuestapro.xyz/wp-content/uploads/Apuestapro54.webp]
[apuestapro.xyz/como-funcionan-las-apuestas-de-teaser/index.html]
[apuestapro.xyz/wp-json/oembed/1.0/embeda830.json]
[apuestapro.xyz/entendiendo-las-apuestas-de-spread-en-deportes/feed/index.html]
[apuestapro.xyz/wp-json/oembed/1.0/embed17a5]
[apuestapro.xyz/wp-content/uploads/Entendiendo-las-apuestas-de-spread-en-deportes.webp]
[apuestapro.xyz/wp-content/uploads/Apuestapro157.webp]
[apuestapro.xyz/wp-content/uploads/Apuestapro158.webp]
[apuestapro.xyz/wp-content/uploads/Que-son-las-apuestas-de-cada-camino-150x120.webp]
[apuestapro.xyz/entendiendo-las-apuestas-de-spread-en-deportes/index.html]
[apuestapro.xyz/wp-json/oembed/1.0/embed5150.json]
[apuestapro.xyz/apuestas-de-margen-de-victoria-guia-completa/feed/index.html]
[apuestapro.xyz/wp-json/oembed/1.0/embed6f4d]
[apuestapro.xyz/wp-content/uploads/Apuestas-de-margen-de-victoria-Guia-completa.webp]
[apuestapro.xyz/wp-content/uploads/Apuestapro123.webp]
[apuestapro.xyz/wp-content/uploads/Apuestapro124.webp]
[apuestapro.xyz/apuestas-de-margen-de-victoria-guia-completa/index.html]
[apuestapro.xyz/index16bc.html]
[apuestapro.xyz/wp-json/oembed/1.0/embed1a3d.json]
[apuestapro.xyz/como-funcionan-las-apuestas-head-to-head/feed/index.html]
[apuestapro.xyz/wp-json/oembed/1.0/embed29f9]
[apuestapro.xyz/wp-content/uploads/Como-funcionan-las-apuestas-head-to-head.webp]
[apuestapro.xyz/wp-content/uploads/Apuestapro47.webp]
[apuestapro.xyz/wp-content/uploads/Apuestapro48.webp]
[apuestapro.xyz/como-funcionan-las-apuestas-head-to-head/index.html]
[apuestapro.xyz/como-funcionan-las-apuestas-de-futuro/fb-messenger_/share/index29b4.html]
[apuestapro.xyz/index9ab8.html]
[apuestapro.xyz/wp-json/oembed/1.0/embed75c8.json]
[apuestapro.xyz/que-son-las-apuestas-de-medio-tiempo-completo/feed/index.html]
[apuestapro.xyz/wp-json/oembed/1.0/embed3f58]
[apuestapro.xyz/wp-content/uploads/Que-son-las-apuestas-de-medio-tiempocompleto.webp]
[apuestapro.xyz/wp-content/uploads/Apuestapro167.webp]
[apuestapro.xyz/wp-content/uploads/Apuestapro168.webp]
[apuestapro.xyz/que-son-las-apuestas-de-medio-tiempo-completo/index.html]
[apuestapro.xyz/que-son-las-apuestas-de-cada-camino/fb-messenger_/share/index0eaa.html]
[apuestapro.xyz/indexab1b.html]
[apuestapro.xyz/que-son-las-apuestas-de-prop-de-jugador/fb-messenger_/share/indexf517.html]
[apuestapro.xyz/index3239.html]
[apuestapro.xyz/wp-json/oembed/1.0/embed6099.json]
[apuestapro.xyz/que-son-las-apuestas-in-play-en-eventos-deportivos/feed/index.html]
[apuestapro.xyz/wp-json/oembed/1.0/embed00b0]
[apuestapro.xyz/wp-content/uploads/Que-son-las-apuestas-in-play-en-eventos-deportivos.webp]
[apuestapro.xyz/wp-content/uploads/Apuestapro169.webp]
[apuestapro.xyz/wp-content/uploads/Apuestapro170.webp]
[apuestapro.xyz/que-son-las-apuestas-in-play-en-eventos-deportivos/index.html]
[apuestapro.xyz/que-son-las-apuestas-de-primer-goleador-en-futbol/fb-messenger_/share/index6e15.html]
[apuestapro.xyz/indexefa2.html]
[apuestapro.xyz/que-son-las-apuestas-exoticas-en-deportes/fb-messenger_/share/index7f3c.html]
[apuestapro.xyz/index9fe1.html]
[apuestapro.xyz/wp-json/oembed/1.0/embed6316.json]
[apuestapro.xyz/que-es-el-handicap-asiatico-en-apuestas-deportivas/feed/index.html]
[apuestapro.xyz/wp-json/oembed/1.0/embed86ad]
[apuestapro.xyz/wp-content/uploads/Que-es-el-handicap-asiatico-en-apuestas-deportivas.webp]
[apuestapro.xyz/wp-content/uploads/Apuestapro185.webp]
[apuestapro.xyz/wp-content/uploads/Apuestapro186.webp]
[apuestapro.xyz/que-es-el-handicap-asiatico-en-apuestas-deportivas/index.html]
[apuestapro.xyz/que-son-las-apuestas-de-prop-en-eventos-deportivos/fb-messenger_/share/index3df0.html]
[apuestapro.xyz/indexa5f2.html]
[apuestapro.xyz/como-funcionan-las-apuestas-de-doble-oportunidad/fb-messenger_/share/index9ab2.html]
[apuestapro.xyz/indexec9a.html]
[apuestapro.xyz/wp-json/oembed/1.0/embed2241.json]
[apuestapro.xyz/que-son-las-apuestas-de-empate-no-accion/feed/index.html]
[apuestapro.xyz/wp-json/oembed/1.0/embed6cb5]
[apuestapro.xyz/wp-content/uploads/Que-son-las-apuestas-de-empate-no-accion.webp]
[apuestapro.xyz/wp-content/uploads/Apuestapro173.webp]
[apuestapro.xyz/wp-content/uploads/Apuestapro174.webp]
[apuestapro.xyz/que-son-las-apuestas-de-empate-no-accion/index.html]
[apuestapro.xyz/que-son-las-apuestas-de-linea-de-dinero/fb-messenger_/share/indexcd24.html]
[apuestapro.xyz/indexa51f.html]
[apuestapro.xyz/como-funcionan-las-apuestas-de-primer-tiempo/fb-messenger_/share/indexefd3.html]
[apuestapro.xyz/wp-json/oembed/1.0/embed9b53.json]
[apuestapro.xyz/que-son-las-apuestas-de-resultado-correcto/feed/index.html]
[apuestapro.xyz/wp-json/oembed/1.0/embed1783]
[apuestapro.xyz/wp-content/uploads/Que-son-las-apuestas-de-resultado-correcto.webp]
[apuestapro.xyz/wp-content/uploads/Apuestapro159.webp]
[apuestapro.xyz/wp-content/uploads/Apuestapro160.webp]
[apuestapro.xyz/que-son-las-apuestas-de-resultado-correcto/index.html]
[apuestapro.xyz/wp-json/oembed/1.0/embed9810.json]
[apuestapro.xyz/entendiendo-las-apuestas-de-parlay-en-deportes/feed/index.html]
[apuestapro.xyz/wp-json/oembed/1.0/embed3932]
[apuestapro.xyz/wp-content/uploads/Entendiendo-las-apuestas-de-parlay-en-deportes.webp]
[apuestapro.xyz/wp-content/uploads/Apuestapro155.webp]
[apuestapro.xyz/wp-content/uploads/Apuestapro156.webp]
[apuestapro.xyz/entendiendo-las-apuestas-de-parlay-en-deportes/index.html]
[apuestapro.xyz/wp-json/oembed/1.0/embed3661.json]
[apuestapro.xyz/como-ganar-con-apuestas-en-ciclismo/feed/index.html]
[apuestapro.xyz/wp-json/oembed/1.0/embed2497]
[apuestapro.xyz/wp-content/uploads/Como-ganar-con-apuestas-en-ciclismo.webp]
[apuestapro.xyz/wp-content/uploads/Apuestapro107.webp]
[apuestapro.xyz/wp-content/uploads/Como-ganar-con-apuestas-en-MLB-150x120.webp]
[apuestapro.xyz/wp-content/uploads/Como-ganar-con-apuestas-en-MMA-150x120.webp]
[apuestapro.xyz/wp-content/uploads/Apuestapro108.webp]
[apuestapro.xyz/wp-content/uploads/Importancia-del-analisis-de-estadisticas-en-apuestas-150x120.webp]
[apuestapro.xyz/como-ganar-con-apuestas-en-ciclismo/index.html]
[apuestapro.xyz/wp-json/oembed/1.0/embedbdf0.json]
[apuestapro.xyz/como-identificar-apuestas-de-valor/feed/index.html]
[apuestapro.xyz/wp-json/oembed/1.0/embeda41b]
[apuestapro.xyz/wp-content/uploads/Como-identificar-apuestas-de-valor.webp]
[apuestapro.xyz/wp-content/uploads/Apuestapro85.webp]
[apuestapro.xyz/wp-content/uploads/Apuestapro86.webp]
[apuestapro.xyz/wp-content/uploads/Como-ganar-con-apuestas-en-ciclismo-150x120.webp]
[apuestapro.xyz/como-identificar-apuestas-de-valor/index.html]
[apuestapro.xyz/wp-json/oembed/1.0/embed3843.json]
[apuestapro.xyz/como-ganar-con-apuestas-en-beisbol/feed/index.html]
[apuestapro.xyz/wp-json/oembed/1.0/embed173e]
[apuestapro.xyz/wp-content/uploads/Como-ganar-con-apuestas-en-beisbol.webp]
[apuestapro.xyz/wp-content/uploads/Apuestapro105.webp]
[apuestapro.xyz/wp-content/uploads/Apuestapro106.webp]
[apuestapro.xyz/como-ganar-con-apuestas-en-beisbol/index.html]
[apuestapro.xyz/wp-json/oembed/1.0/embed1cd7.json]
[apuestapro.xyz/estrategias-efectivas-para-apuestas-en-nfl/feed/index.html]
[apuestapro.xyz/wp-json/oembed/1.0/embedd1f9]
[apuestapro.xyz/wp-content/uploads/Estrategias-efectivas-para-apuestas-en-NFL.webp]
[apuestapro.xyz/wp-content/uploads/Apuestapro13.webp]
[apuestapro.xyz/wp-content/uploads/Apuestapro14.webp]
[apuestapro.xyz/wp-content/uploads/Estrategias-para-apuestas-en-carreras-de-caballos-150x120.webp]
[apuestapro.xyz/estrategias-efectivas-para-apuestas-en-nfl/index.html]
[apuestapro.xyz/wp-json/oembed/1.0/embed5ff5.json]
[apuestapro.xyz/estrategias-ganadoras-para-apuestas-en-futbol/feed/index.html]
[apuestapro.xyz/wp-json/oembed/1.0/embed2d5a]
[apuestapro.xyz/wp-content/uploads/Estrategias-ganadoras-para-apuestas-en-futbol.webp]
[apuestapro.xyz/wp-content/uploads/Apuestapro187.webp]
[apuestapro.xyz/wp-content/uploads/Estrategias-para-apuestas-en-futbol-americano-150x120.webp]
[apuestapro.xyz/wp-content/uploads/Apuestapro188.webp]
[apuestapro.xyz/estrategias-ganadoras-para-apuestas-en-futbol/index.html]
[apuestapro.xyz/wp-json/oembed/1.0/embed26e6.json]
[apuestapro.xyz/estrategias-para-apuestas-en-esports/feed/index.html]
[apuestapro.xyz/wp-json/oembed/1.0/embed905b]
[apuestapro.xyz/wp-content/uploads/Estrategias-para-apuestas-en-eSports.webp]
[apuestapro.xyz/wp-content/uploads/Apuestapro135.webp]
[apuestapro.xyz/wp-content/uploads/Estrategias-ganadoras-para-apuestas-en-futbol-150x120.webp]
[apuestapro.xyz/wp-content/uploads/Apuestapro136.webp]
[apuestapro.xyz/estrategias-para-apuestas-en-esports/index.html]
[apuestapro.xyz/wp-json/oembed/1.0/embed56d6.json]
[apuestapro.xyz/como-ganar-con-apuestas-en-mlb/feed/index.html]
[apuestapro.xyz/wp-json/oembed/1.0/embeda5ed]
[apuestapro.xyz/wp-content/uploads/Como-ganar-con-apuestas-en-MLB.webp]
[apuestapro.xyz/wp-content/uploads/Apuestapro109.webp]
[apuestapro.xyz/wp-content/uploads/Apuestapro110.webp]
[apuestapro.xyz/como-ganar-con-apuestas-en-mlb/index.html]
[apuestapro.xyz/wp-json/oembed/1.0/embed51c3.json]
[apuestapro.xyz/estrategias-para-apuestas-en-carreras-de-caballos/feed/index.html]
[apuestapro.xyz/wp-json/oembed/1.0/embed5e5e]
[apuestapro.xyz/wp-content/uploads/Estrategias-para-apuestas-en-carreras-de-caballos.webp]
[apuestapro.xyz/wp-content/uploads/Apuestapro37.webp]
[apuestapro.xyz/wp-content/uploads/Como-apostar-con-exito-en-golf-150x120.webp]
[apuestapro.xyz/wp-content/uploads/Apuestapro38.webp]
[apuestapro.xyz/wp-content/uploads/Como-apostar-con-exito-en-NBA-150x120.webp]
[apuestapro.xyz/estrategias-para-apuestas-en-carreras-de-caballos/index.html]
[apuestapro.xyz/wp-json/oembed/1.0/embed1ebd.json]
[apuestapro.xyz/como-apostar-con-exito-en-golf/feed/index.html]
[apuestapro.xyz/wp-json/oembed/1.0/embed4507]
[apuestapro.xyz/wp-content/uploads/Como-apostar-con-exito-en-golf.webp]
[apuestapro.xyz/wp-content/uploads/Apuestapro63.webp]
[apuestapro.xyz/wp-content/uploads/Apuestapro64.webp]
[apuestapro.xyz/como-apostar-con-exito-en-golf/index.html]
[apuestapro.xyz/indexa180.html]
[apuestapro.xyz/wp-json/oembed/1.0/embed61bf.json]
[apuestapro.xyz/como-gestionar-tu-bankroll-en-apuestas-deportivas/feed/index.html]
[apuestapro.xyz/wp-json/oembed/1.0/embed2e5b]
[apuestapro.xyz/wp-content/uploads/Como-gestionar-tu-bankroll-en-apuestas-deportivas.webp]
[apuestapro.xyz/wp-content/uploads/Apuestapro91.webp]
[apuestapro.xyz/wp-content/uploads/Apuestapro92.webp]
[apuestapro.xyz/como-gestionar-tu-bankroll-en-apuestas-deportivas/index.html]
[apuestapro.xyz/como-encontrar-y-aprovechar-apuestas-seguras/fb-messenger_/share/indexcd65.html]
[apuestapro.xyz/indexf993.html]
[apuestapro.xyz/wp-json/oembed/1.0/embed83aa.json]
[apuestapro.xyz/estrategias-para-apuestas-en-nhl/feed/index.html]
[apuestapro.xyz/wp-json/oembed/1.0/embed48a0]
[apuestapro.xyz/wp-content/uploads/Estrategias-para-apuestas-en-NHL.webp]
[apuestapro.xyz/wp-content/uploads/Apuestapro131.webp]
[apuestapro.xyz/wp-content/uploads/Apuestapro132.webp]
[apuestapro.xyz/estrategias-para-apuestas-en-nhl/index.html]
[apuestapro.xyz/importancia-del-analisis-de-estadisticas-en-apuestas/fb-messenger_/share/index8b0f.html]
[apuestapro.xyz/wp-json/oembed/1.0/embedb9c2.json]
[apuestapro.xyz/estrategias-para-apuestas-en-hockey/feed/index.html]
[apuestapro.xyz/wp-json/oembed/1.0/embed1daa]
[apuestapro.xyz/wp-content/uploads/Estrategias-para-apuestas-en-hockey.webp]
[apuestapro.xyz/wp-content/uploads/Apuestapro17.webp]
[apuestapro.xyz/wp-content/uploads/Apuestapro18.webp]
[apuestapro.xyz/estrategias-para-apuestas-en-hockey/index.html]
[apuestapro.xyz/index672e.html]
[apuestapro.xyz/estrategias-para-apuestas-en-futbol-americano/fb-messenger_/share/index0afd.html]
[apuestapro.xyz/index1557.html]
[apuestapro.xyz/wp-json/oembed/1.0/embedf25c.json]
[apuestapro.xyz/estrategias-efectivas-para-apuestas-deportivas/feed/index.html]
[apuestapro.xyz/wp-json/oembed/1.0/embeddb22]
[apuestapro.xyz/wp-content/uploads/Estrategias-efectivas-para-apuestas-deportivas.webp]
[apuestapro.xyz/wp-content/uploads/Apuestapro15.webp]
[apuestapro.xyz/wp-content/uploads/Apuestapro16.webp]
[apuestapro.xyz/estrategias-efectivas-para-apuestas-deportivas/index.html]
[apuestapro.xyz/estrategias-efectivas-para-apuestas-en-baloncesto/fb-messenger_/share/index84c9.html]
[apuestapro.xyz/index2e8b.html]
[apuestapro.xyz/wp-json/oembed/1.0/embeda733.json]
[apuestapro.xyz/que-es-el-arbitrage-en-apuestas-deportivas/feed/index.html]
[apuestapro.xyz/wp-json/oembed/1.0/embed1517]
[apuestapro.xyz/wp-content/uploads/Que-es-el-arbitrage-en-apuestas-deportivas.webp]
[apuestapro.xyz/wp-content/uploads/Apuestapro183.webp]
[apuestapro.xyz/wp-content/uploads/Apuestapro184.webp]
[apuestapro.xyz/que-es-el-arbitrage-en-apuestas-deportivas/index.html]
[apuestapro.xyz/estrategias-clave-para-apuestas-deportivas-en-vivo/fb-messenger_/share/index6f92.html]
[apuestapro.xyz/indexa1e2.html]
[apuestapro.xyz/wp-json/oembed/1.0/embede22b.json]
[apuestapro.xyz/como-apostar-con-exito-en-rugby/feed/index.html]
[apuestapro.xyz/wp-json/oembed/1.0/embedc926]
[apuestapro.xyz/wp-content/uploads/Como-apostar-con-exito-en-rugby.webp]
[apuestapro.xyz/wp-content/uploads/Apuestapro67.webp]
[apuestapro.xyz/wp-content/uploads/Apuestapro68.webp]
[apuestapro.xyz/como-apostar-con-exito-en-rugby/index.html]
[apuestapro.xyz/wp-json/oembed/1.0/embedf634.json]
[apuestapro.xyz/como-apostar-con-exito-en-tenis/feed/index.html]
[apuestapro.xyz/wp-json/oembed/1.0/embede21f]
[apuestapro.xyz/wp-content/uploads/Como-apostar-con-exito-en-tenis.webp]
[apuestapro.xyz/wp-content/uploads/Apuestapro69.webp]
[apuestapro.xyz/wp-content/uploads/Apuestapro70.webp]
[apuestapro.xyz/como-apostar-con-exito-en-tenis/index.html]
[apuestapro.xyz/como-apostar-con-exito-en-nba/fb-messenger_/share/indexea32.html]
[apuestapro.xyz/index9ed5.html]
[apuestapro.xyz/estrategias-efectivas-para-apuestas-en-cricket/fb-messenger_/share/indexfa6b.html]
[apuestapro.xyz/index1263.html]
[apuestapro.xyz/estrategias-para-apuestas-en-boxeo/fb-messenger_/share/index07e4.html]
[apuestapro.xyz/wp-json/oembed/1.0/embed44c1.json]
[apuestapro.xyz/como-ganar-con-apuestas-en-mma/feed/index.html]
[apuestapro.xyz/wp-json/oembed/1.0/embedb088]
[apuestapro.xyz/wp-content/uploads/Como-ganar-con-apuestas-en-MMA.webp]
[apuestapro.xyz/wp-content/uploads/Apuestapro111.webp]
[apuestapro.xyz/wp-content/uploads/Apuestapro112.webp]
[apuestapro.xyz/como-ganar-con-apuestas-en-mma/index.html]
[apuestapro.xyz/wp-json/oembed/1.0/embedb1ec.json]
[apuestapro.xyz/importancia-del-analisis-de-estadisticas-en-nfl/feed/index.html]
[apuestapro.xyz/wp-json/oembed/1.0/embed12a7]
[apuestapro.xyz/wp-content/uploads/Importancia-del-analisis-de-estadisticas-en-NFL.webp]
[apuestapro.xyz/wp-content/uploads/Apuestapro119.webp]
[apuestapro.xyz/wp-content/uploads/Apuestapro120.webp]
[apuestapro.xyz/importancia-del-analisis-de-estadisticas-en-nfl/index.html]
[apuestapro.xyz/wp-json/oembed/1.0/embed9ec0.json]
[apuestapro.xyz/metodos-para-el-analisis-de-jugadores-en-mlb/feed/index.html]
[apuestapro.xyz/wp-json/oembed/1.0/embedc8ce]
[apuestapro.xyz/wp-content/uploads/Metodos-para-el-analisis-de-jugadores-en-MLB.webp]
[apuestapro.xyz/wp-content/uploads/Apuestapro129.webp]
[apuestapro.xyz/wp-content/uploads/Apuestapro130.webp]
[apuestapro.xyz/metodos-para-el-analisis-de-jugadores-en-mlb/index.html]
[apuestapro.xyz/wp-json/oembed/1.0/embed673e.json]
[apuestapro.xyz/tecnicas-para-el-analisis-de-combates-de-boxeo/feed/index.html]
[apuestapro.xyz/wp-json/oembed/1.0/embed301b]
[apuestapro.xyz/wp-content/uploads/Tecnicas-para-el-analisis-de-combates-de-boxeo.webp]
[apuestapro.xyz/wp-content/uploads/Apuestapro141.webp]
[apuestapro.xyz/wp-content/uploads/Herramientas-para-el-analisis-de-rendimiento-en-ciclismo-150x120.webp]
[apuestapro.xyz/wp-content/uploads/Apuestapro142.webp]
[apuestapro.xyz/tecnicas-para-el-analisis-de-combates-de-boxeo/index.html]
[apuestapro.xyz/wp-json/oembed/1.0/embed2d31.json]
[apuestapro.xyz/herramientas-para-el-analisis-de-rendimiento-en-hockey/feed/index.html]
[apuestapro.xyz/wp-json/oembed/1.0/embed4ddb]
[apuestapro.xyz/wp-content/uploads/Herramientas-para-el-analisis-de-rendimiento-en-hockey.webp]
[apuestapro.xyz/wp-content/uploads/Apuestapro143.webp]
[apuestapro.xyz/wp-content/uploads/Apuestapro144.webp]
[apuestapro.xyz/herramientas-para-el-analisis-de-rendimiento-en-hockey/index.html]
[apuestapro.xyz/wp-json/oembed/1.0/embed2ab5.json]
[apuestapro.xyz/como-hacer-un-analisis-completo-de-partidos-de-futbol/feed/index.html]
[apuestapro.xyz/wp-json/oembed/1.0/embed6daf]
[apuestapro.xyz/wp-content/uploads/Como-hacer-un-analisis-completo-de-partidos-de-futbol.webp]
[apuestapro.xyz/wp-content/uploads/Apuestapro87.webp]
[apuestapro.xyz/wp-content/uploads/Apuestapro88.webp]
[apuestapro.xyz/wp-content/uploads/Como-usar-estadisticas-para-el-analisis-de-futbol-150x120.webp]
[apuestapro.xyz/como-hacer-un-analisis-completo-de-partidos-de-futbol/index.html]
[apuestapro.xyz/wp-json/oembed/1.0/embed5103.json]
[apuestapro.xyz/como-hacer-un-analisis-completo-de-partidos-de-rugby/feed/index.html]
[apuestapro.xyz/wp-json/oembed/1.0/embed0612]
[apuestapro.xyz/wp-content/uploads/Como-hacer-un-analisis-completo-de-partidos-de-rugby.webp]
[apuestapro.xyz/wp-content/uploads/Apuestapro73.webp]
[apuestapro.xyz/wp-content/uploads/Como-hacer-un-analisis-exhaustivo-de-peleas-de-MMA-150x120.webp]
[apuestapro.xyz/wp-content/uploads/Apuestapro74.webp]
[apuestapro.xyz/como-hacer-un-analisis-completo-de-partidos-de-rugby/index.html]
[apuestapro.xyz/wp-json/oembed/1.0/embed5edc.json]
[apuestapro.xyz/como-hacer-un-analisis-detallado-de-partidos-de-beisbol/feed/index.html]
[apuestapro.xyz/wp-json/oembed/1.0/embeddb33]
[apuestapro.xyz/wp-content/uploads/Como-hacer-un-analisis-detallado-de-partidos-de-beisbol.webp]
[apuestapro.xyz/wp-content/uploads/Apuestapro75.webp]
[apuestapro.xyz/wp-content/uploads/Apuestapro76.webp]
[apuestapro.xyz/como-hacer-un-analisis-detallado-de-partidos-de-beisbol/index.html]
[apuestapro.xyz/wp-json/oembed/1.0/embede817.json]
[apuestapro.xyz/como-usar-estadisticas-para-el-analisis-de-futbol/feed/index.html]
[apuestapro.xyz/wp-json/oembed/1.0/embeda1b1]
[apuestapro.xyz/wp-content/uploads/Como-usar-estadisticas-para-el-analisis-de-futbol.webp]
[apuestapro.xyz/wp-content/uploads/Apuestapro101.webp]
[apuestapro.xyz/wp-content/uploads/Importancia-del-analisis-de-estadisticas-en-baloncesto-150x120.webp]
[apuestapro.xyz/wp-content/uploads/Apuestapro102.webp]
[apuestapro.xyz/como-usar-estadisticas-para-el-analisis-de-futbol/index.html]
[apuestapro.xyz/wp-json/oembed/1.0/embedf8d8.json]
[apuestapro.xyz/estrategias-para-el-analisis-de-tacticas-en-baloncesto/feed/index.html]
[apuestapro.xyz/wp-json/oembed/1.0/embed60e0]
[apuestapro.xyz/wp-content/uploads/Estrategias-para-el-analisis-de-tacticas-en-baloncesto.webp]
[apuestapro.xyz/wp-content/uploads/Apuestapro139.webp]
[apuestapro.xyz/wp-content/uploads/Apuestapro140.webp]
[apuestapro.xyz/estrategias-para-el-analisis-de-tacticas-en-baloncesto/index.html]
[apuestapro.xyz/index9848.html]
[apuestapro.xyz/wp-json/oembed/1.0/embed4eb7.json]
[apuestapro.xyz/estrategias-para-el-analisis-de-equipos-en-futbol-americano/feed/index.html]
[apuestapro.xyz/wp-json/oembed/1.0/embedd0d6]
[apuestapro.xyz/wp-content/uploads/Estrategias-para-el-analisis-de-equipos-en-futbol-americano.webp]
[apuestapro.xyz/wp-content/uploads/Apuestapro133.webp]
[apuestapro.xyz/wp-content/uploads/Apuestapro134.webp]
[apuestapro.xyz/estrategias-para-el-analisis-de-equipos-en-futbol-americano/index.html]
[apuestapro.xyz/metodos-para-el-analisis-de-rendimiento-en-deportes-de-motor/fb-messenger_/share/index5f8a.html]
[apuestapro.xyz/index7aeb.html]
[apuestapro.xyz/wp-json/oembed/1.0/embed1b6b.json]
[apuestapro.xyz/como-hacer-un-analisis-detallado-de-partidos-de-voleibol/feed/index.html]
[apuestapro.xyz/wp-json/oembed/1.0/embed06df]
[apuestapro.xyz/wp-content/uploads/Como-hacer-un-analisis-detallado-de-partidos-de-voleibol.webp]
[apuestapro.xyz/wp-content/uploads/Apuestapro89.webp]
[apuestapro.xyz/wp-content/uploads/Apuestapro90.webp]
[apuestapro.xyz/como-hacer-un-analisis-detallado-de-partidos-de-voleibol/index.html]
[apuestapro.xyz/wp-json/oembed/1.0/embedec53.json]
[apuestapro.xyz/como-realizar-un-analisis-efectivo-de-carreras-de-caballos/feed/index.html]
[apuestapro.xyz/wp-json/oembed/1.0/embed6438]
[apuestapro.xyz/wp-content/uploads/Como-realizar-un-analisis-efectivo-de-carreras-de-caballos.webp]
[apuestapro.xyz/wp-content/uploads/Apuestapro93.webp]
[apuestapro.xyz/wp-content/uploads/Apuestapro94.webp]
[apuestapro.xyz/como-realizar-un-analisis-efectivo-de-carreras-de-caballos/index.html]
[apuestapro.xyz/como-hacer-un-analisis-exhaustivo-de-peleas-de-mma/fb-messenger_/share/index1591.html]
[apuestapro.xyz/indexf31a.html]
[apuestapro.xyz/estrategias-para-el-analisis-de-rendimiento-en-nhl/fb-messenger_/share/indexc671.html]
[apuestapro.xyz/indexa7b7.html]
[apuestapro.xyz/wp-json/oembed/1.0/embed3ce9.json]
[apuestapro.xyz/como-analizar-el-rendimiento-en-partidos-de-tenis/feed/index.html]
[apuestapro.xyz/wp-json/oembed/1.0/embed4461]
[apuestapro.xyz/wp-content/uploads/Como-analizar-el-rendimiento-en-partidos-de-tenis.webp]
[apuestapro.xyz/wp-content/uploads/Apuestapro59.webp]
[apuestapro.xyz/wp-content/uploads/Apuestapro60.webp]
[apuestapro.xyz/como-analizar-el-rendimiento-en-partidos-de-tenis/index.html]
[apuestapro.xyz/como-analizar-equipos-en-la-nba/fb-messenger_/share/index6314.html]
[apuestapro.xyz/indexb351.html]
[apuestapro.xyz/tecnicas-para-el-analisis-de-partidos-de-cricket/fb-messenger_/share/index4306.html]
[apuestapro.xyz/indexb648.html]
[apuestapro.xyz/herramientas-para-el-analisis-de-rendimiento-en-ciclismo/fb-messenger_/share/indexc99b.html]
[apuestapro.xyz/index1dc8.html]
[apuestapro.xyz/como-analizar-torneos-de-golf-de-manera-efectiva/fb-messenger_/share/index624b.html]
[apuestapro.xyz/indexe01d.html]
[apuestapro.xyz/metodos-para-el-analisis-de-jugadores-en-esports/fb-messenger_/share/index092f.html]
[apuestapro.xyz/indexfcd3.html]
[apuestapro.xyz/importancia-del-analisis-de-estadisticas-en-baloncesto/fb-messenger_/share/index6d62.html]
[apuestapro.xyz/wp-json/oembed/1.0/embed32f6.json]
[apuestapro.xyz/guia-para-registrarse-en-casas-de-apuestas-online/feed/index.html]
[apuestapro.xyz/wp-json/oembed/1.0/embed83d9]
[apuestapro.xyz/wp-content/uploads/Guia-para-registrarse-en-casas-de-apuestas-online.webp]
[apuestapro.xyz/wp-content/uploads/Apuestapro27.webp]
[apuestapro.xyz/wp-content/uploads/Guia-para-entender-los-terminos-de-apuestas-deportivas-150x120.webp]
[apuestapro.xyz/wp-content/uploads/Apuestapro28.webp]
[apuestapro.xyz/guia-para-registrarse-en-casas-de-apuestas-online/index.html]
[apuestapro.xyz/wp-json/oembed/1.0/embedf3ac.json]
[apuestapro.xyz/como-seguir-eventos-deportivos-en-directo/feed/index.html]
[apuestapro.xyz/wp-json/oembed/1.0/embed3f71]
[apuestapro.xyz/wp-content/uploads/Como-seguir-eventos-deportivos-en-directo.webp]
[apuestapro.xyz/wp-content/uploads/Apuestapro83.webp]
[apuestapro.xyz/wp-content/uploads/Apuestapro84.webp]
[apuestapro.xyz/como-seguir-eventos-deportivos-en-directo/index.html]
[apuestapro.xyz/wp-json/oembed/1.0/embeda72a.json]
[apuestapro.xyz/como-funcionan-las-cuotas-en-apuestas-deportivas/feed/index.html]
[apuestapro.xyz/wp-json/oembed/1.0/embed2778]
[apuestapro.xyz/wp-content/uploads/Como-funcionan-las-cuotas-en-apuestas-deportivas.webp]
[apuestapro.xyz/wp-content/uploads/Apuestapro51.webp]
[apuestapro.xyz/wp-content/uploads/Como-apostar-en-deportes-menos-populares-150x120.webp]
[apuestapro.xyz/wp-content/uploads/Apuestapro52.webp]
[apuestapro.xyz/como-funcionan-las-cuotas-en-apuestas-deportivas/index.html]
[apuestapro.xyz/wp-json/oembed/1.0/embede7c1.json]
[apuestapro.xyz/como-entender-las-probabilidades-en-apuestas/feed/index.html]
[apuestapro.xyz/wp-json/oembed/1.0/embed39eb]
[apuestapro.xyz/wp-content/uploads/Como-entender-las-probabilidades-en-apuestas.webp]
[apuestapro.xyz/wp-content/uploads/Apuestapro97.webp]
[apuestapro.xyz/wp-content/uploads/Apuestapro98.webp]
[apuestapro.xyz/como-entender-las-probabilidades-en-apuestas/index.html]
[apuestapro.xyz/wp-json/oembed/1.0/embed755e.json]
[apuestapro.xyz/wp-json/oembed/1.0/embeddbbb]
[apuestapro.xyz/guia-para-empezar-en-apuestas-deportivas/feed/index.html]
[apuestapro.xyz/wp-content/uploads/Guia-para-empezar-en-apuestas-deportivas.webp]
[apuestapro.xyz/wp-content/uploads/Apuestapro23.webp]
[apuestapro.xyz/wp-content/uploads/Apuestapro24.webp]
[apuestapro.xyz/guia-para-empezar-en-apuestas-deportivas/index.html]
[apuestapro.xyz/wp-json/oembed/1.0/embed9c78.json]
[apuestapro.xyz/guia-para-usar-metodos-de-pago-en-apuestas-deportivas/feed/index.html]
[apuestapro.xyz/wp-json/oembed/1.0/embedf2d4]
[apuestapro.xyz/wp-content/uploads/Guia-para-usar-metodos-de-pago-en-apuestas-deportivas.webp]
[apuestapro.xyz/wp-content/uploads/Apuestapro33.webp]
[apuestapro.xyz/wp-content/uploads/Como-funcionan-las-cuotas-en-apuestas-deportivas-150x120.webp]
[apuestapro.xyz/wp-content/uploads/Apuestapro34.webp]
[apuestapro.xyz/guia-para-usar-metodos-de-pago-en-apuestas-deportivas/index.html]
[apuestapro.xyz/wp-json/oembed/1.0/embedbc00.json]
[apuestapro.xyz/como-seguir-pronosticos-deportivos-de-expertos/feed/index.html]
[apuestapro.xyz/wp-json/oembed/1.0/embedab15]
[apuestapro.xyz/wp-content/uploads/Como-seguir-pronosticos-deportivos-de-expertos.webp]
[apuestapro.xyz/wp-content/uploads/Apuestapro81.webp]
[apuestapro.xyz/wp-content/uploads/Apuestapro82.webp]
[apuestapro.xyz/como-seguir-pronosticos-deportivos-de-expertos/index.html]
[apuestapro.xyz/wp-json/oembed/1.0/embed277b.json]
[apuestapro.xyz/como-usar-herramientas-de-apuestas-deportivas/feed/index.html]
[apuestapro.xyz/wp-json/oembed/1.0/embedb5f7]
[apuestapro.xyz/wp-content/uploads/Como-usar-herramientas-de-apuestas-deportivas.webp]
[apuestapro.xyz/wp-content/uploads/Apuestapro99.webp]
[apuestapro.xyz/wp-content/uploads/Apuestapro100.webp]
[apuestapro.xyz/como-usar-herramientas-de-apuestas-deportivas/index.html]
[apuestapro.xyz/wp-json/oembed/1.0/embeda1a1.json]
[apuestapro.xyz/guia-para-utilizar-bonos-de-apuestas-deportivas/feed/index.html]
[apuestapro.xyz/wp-json/oembed/1.0/embedaaff]
[apuestapro.xyz/wp-content/uploads/Guia-para-utilizar-bonos-de-apuestas-deportivas.webp]
[apuestapro.xyz/wp-content/uploads/Apuestapro31.webp]
[apuestapro.xyz/wp-content/uploads/Apuestapro32.webp]
[apuestapro.xyz/guia-para-utilizar-bonos-de-apuestas-deportivas/index.html]
[apuestapro.xyz/index61f2.html]
[apuestapro.xyz/wp-json/oembed/1.0/embedbe22.json]
[apuestapro.xyz/tutorial-para-apostar-en-deportes-virtuales/feed/index.html]
[apuestapro.xyz/wp-json/oembed/1.0/embede032]
[apuestapro.xyz/wp-content/uploads/Tutorial-para-apostar-en-deportes-virtuales.webp]
[apuestapro.xyz/wp-content/uploads/Apuestapro147.webp]
[apuestapro.xyz/wp-content/uploads/Apuestapro148.webp]
[apuestapro.xyz/tutorial-para-apostar-en-deportes-virtuales/index.html]
[apuestapro.xyz/wp-json/oembed/1.0/embed8a35.json]
[apuestapro.xyz/tutorial-para-usar-aplicaciones-de-apuestas-deportivas/feed/index.html]
[apuestapro.xyz/wp-json/oembed/1.0/embedbfac]
[apuestapro.xyz/wp-content/uploads/Tutorial-para-usar-aplicaciones-de-apuestas-deportivas.webp]
[apuestapro.xyz/wp-content/uploads/Apuestapro151.webp]
[apuestapro.xyz/wp-content/uploads/Apuestapro152.webp]
[apuestapro.xyz/tutorial-para-usar-aplicaciones-de-apuestas-deportivas/index.html]
[apuestapro.xyz/como-retirar-tus-ganancias-en-apuestas-deportivas/fb-messenger_/share/indexd232.html]
[apuestapro.xyz/indexf7f8.html]
[apuestapro.xyz/wp-json/oembed/1.0/embedf7ef.json]
[apuestapro.xyz/guia-para-gestionar-el-riesgo-en-apuestas-deportivas/feed/index.html]
[apuestapro.xyz/wp-json/oembed/1.0/embed9fcd]
[apuestapro.xyz/wp-content/uploads/Guia-para-gestionar-el-riesgo-en-apuestas-deportivas.webp]
[apuestapro.xyz/wp-content/uploads/Apuestapro25.webp]
[apuestapro.xyz/wp-content/uploads/Apuestapro26.webp]
[apuestapro.xyz/guia-para-gestionar-el-riesgo-en-apuestas-deportivas/index.html]
[apuestapro.xyz/guia-para-evitar-fraudes-en-apuestas-online/fb-messenger_/share/index1059.html]
[apuestapro.xyz/index3758.html]
[apuestapro.xyz/wp-json/oembed/1.0/embed9339.json]
[apuestapro.xyz/guia-para-usar-estadisticas-en-apuestas-deportivas/feed/index.html]
[apuestapro.xyz/wp-json/oembed/1.0/embed3412]
[apuestapro.xyz/wp-content/uploads/Guia-para-usar-estadisticas-en-apuestas-deportivas.webp]
[apuestapro.xyz/wp-content/uploads/Apuestapro35.webp]
[apuestapro.xyz/wp-content/uploads/Apuestapro36.webp]
[apuestapro.xyz/guia-para-usar-estadisticas-en-apuestas-deportivas/index.html]
[apuestapro.xyz/guia-para-entender-los-terminos-de-apuestas-deportivas/fb-messenger_/share/index88b9.html]
[apuestapro.xyz/indexc535.html]
[apuestapro.xyz/como-elegir-una-casa-de-apuestas-segura/fb-messenger_/share/indexdc9c.html]
[apuestapro.xyz/indexd2e2.html]
[apuestapro.xyz/tutorial-para-usar-sistemas-de-apuestas-automaticas/fb-messenger_/share/indexa110.html]
[apuestapro.xyz/indexbbbc.html]
[apuestapro.xyz/guia-para-apostar-en-eventos-deportivos-en-vivo/fb-messenger_/share/indexfc92.html]
[apuestapro.xyz/index03c9.html]
[apuestapro.xyz/como-apostar-en-deportes-menos-populares/fb-messenger_/share/index22bc.html]
[apuestapro.xyz/index1cc0.html]
[apuestapro.xyz/como-verificar-tu-cuenta-en-una-casa-de-apuestas/fb-messenger_/share/indexc5a8.html]
[apuestapro.xyz/index0ae0.html]
[apuestapro.xyz/tutorial-para-hacer-una-apuesta-combinada/fb-messenger_/share/indexff62.html]
[apuestapro.xyz/index3dea.html]
[apuestapro.xyz/como-funcionan-las-apuestas-de-marcador-exacto/fb-messenger_/share/indexbb15.html]
[apuestapro.xyz/index7414.html]
[apuestapro.xyz/como-funcionan-las-apuestas-over-under/fb-messenger_/share/indexd1db.html]
[apuestapro.xyz/index5d95.html]
[apuestapro.xyz/que-son-las-apuestas-de-total-de-puntos/fb-messenger_/share/index5d80.html]
[apuestapro.xyz/index01f7.html]
[apuestapro.xyz/entendiendo-las-apuestas-de-mas-menos-en-deportes/fb-messenger_/share/index090a.html]
[apuestapro.xyz/index9117.html]
[apuestapro.xyz/que-son-las-apuestas-de-sistema-y-como-se-usan/fb-messenger_/share/index5d9a.html]
[apuestapro.xyz/indexc7ce.html]
[apuestapro.xyz/apuestas-de-doble-resultado-todo-lo-que-debes-saber/fb-messenger_/share/indexacdc.html]
[apuestapro.xyz/indexc182.html]
[apuestapro.xyz/como-funcionan-las-apuestas-de-teaser/fb-messenger_/share/index7a4d.html]
[apuestapro.xyz/index9628.html]
[apuestapro.xyz/entendiendo-las-apuestas-de-spread-en-deportes/fb-messenger_/share/index505b.html]
[apuestapro.xyz/index12e9.html]
[apuestapro.xyz/apuestas-de-margen-de-victoria-guia-completa/fb-messenger_/share/index4e80.html]
[apuestapro.xyz/index4976.html]
[apuestapro.xyz/como-funcionan-las-apuestas-head-to-head/fb-messenger_/share/index2ff8.html]
[apuestapro.xyz/indexe4dc.html]
[apuestapro.xyz/que-son-las-apuestas-de-medio-tiempo-completo/fb-messenger_/share/index10e4.html]
[apuestapro.xyz/index6fdb.html]
[apuestapro.xyz/que-son-las-apuestas-in-play-en-eventos-deportivos/fb-messenger_/share/indexeeba.html]
[apuestapro.xyz/indexcc82.html]
[apuestapro.xyz/que-es-el-handicap-asiatico-en-apuestas-deportivas/fb-messenger_/share/index2f2e.html]
[apuestapro.xyz/index6a26.html]
[apuestapro.xyz/que-son-las-apuestas-de-empate-no-accion/fb-messenger_/share/index15b1.html]
[apuestapro.xyz/indexef2e.html]
[apuestapro.xyz/que-son-las-apuestas-de-resultado-correcto/fb-messenger_/share/index244e.html]
[apuestapro.xyz/index8ae4.html]
[apuestapro.xyz/entendiendo-las-apuestas-de-parlay-en-deportes/fb-messenger_/share/indexebbd.html]
[apuestapro.xyz/indexc5e7.html]
[apuestapro.xyz/como-ganar-con-apuestas-en-ciclismo/fb-messenger_/share/index56fa.html]
[apuestapro.xyz/index5024.html]
[apuestapro.xyz/como-identificar-apuestas-de-valor/fb-messenger_/share/index88c1.html]
[apuestapro.xyz/index8631.html]
[apuestapro.xyz/como-ganar-con-apuestas-en-beisbol/fb-messenger_/share/indexa728.html]
[apuestapro.xyz/indexe0b1.html]
[apuestapro.xyz/estrategias-efectivas-para-apuestas-en-nfl/fb-messenger_/share/index6213.html]
[apuestapro.xyz/index411c.html]
[apuestapro.xyz/estrategias-ganadoras-para-apuestas-en-futbol/fb-messenger_/share/indexf144.html]
[apuestapro.xyz/indexa8fe.html]
[apuestapro.xyz/estrategias-para-apuestas-en-esports/fb-messenger_/share/index273d.html]
[apuestapro.xyz/index4b0e.html]
[apuestapro.xyz/como-ganar-con-apuestas-en-mlb/fb-messenger_/share/indexd4aa.html]
[apuestapro.xyz/index6c15.html]
[apuestapro.xyz/estrategias-para-apuestas-en-carreras-de-caballos/fb-messenger_/share/indexb912.html]
[apuestapro.xyz/index3a5c.html]
[apuestapro.xyz/como-apostar-con-exito-en-golf/fb-messenger_/share/indexb56a.html]
[apuestapro.xyz/indexc9fb.html]
[apuestapro.xyz/como-gestionar-tu-bankroll-en-apuestas-deportivas/fb-messenger_/share/index1780.html]
[apuestapro.xyz/index9c73.html]
[apuestapro.xyz/estrategias-para-apuestas-en-nhl/fb-messenger_/share/index4bf3.html]
[apuestapro.xyz/index06d3.html]
[apuestapro.xyz/estrategias-para-apuestas-en-hockey/fb-messenger_/share/index362c.html]
[apuestapro.xyz/indexc79d.html]
[apuestapro.xyz/estrategias-efectivas-para-apuestas-deportivas/fb-messenger_/share/index816f.html]
[apuestapro.xyz/index4c3a.html]
[apuestapro.xyz/que-es-el-arbitrage-en-apuestas-deportivas/fb-messenger_/share/index44f3.html]
[apuestapro.xyz/indexa722.html]
[apuestapro.xyz/como-apostar-con-exito-en-rugby/fb-messenger_/share/index0469.html]
[apuestapro.xyz/index61a9.html]
[apuestapro.xyz/como-apostar-con-exito-en-tenis/fb-messenger_/share/index6bc1.html]
[apuestapro.xyz/index5723.html]
[apuestapro.xyz/como-ganar-con-apuestas-en-mma/fb-messenger_/share/indexf83c.html]
[apuestapro.xyz/index7a58.html]
[apuestapro.xyz/importancia-del-analisis-de-estadisticas-en-nfl/fb-messenger_/share/index0710.html]
[apuestapro.xyz/index2531.html]
[apuestapro.xyz/metodos-para-el-analisis-de-jugadores-en-mlb/fb-messenger_/share/index5723.html]
[apuestapro.xyz/indexa2f3.html]
[apuestapro.xyz/tecnicas-para-el-analisis-de-combates-de-boxeo/fb-messenger_/share/indexc75b.html]
[apuestapro.xyz/indexb916.html]
[apuestapro.xyz/herramientas-para-el-analisis-de-rendimiento-en-hockey/fb-messenger_/share/indexf0b9.html]
[apuestapro.xyz/index9c09.html]
[apuestapro.xyz/como-hacer-un-analisis-completo-de-partidos-de-futbol/fb-messenger_/share/index70c9.html]
[apuestapro.xyz/index4808.html]
[apuestapro.xyz/como-hacer-un-analisis-completo-de-partidos-de-rugby/fb-messenger_/share/indexb9c2.html]
[apuestapro.xyz/index424e.html]
[apuestapro.xyz/como-hacer-un-analisis-detallado-de-partidos-de-beisbol/fb-messenger_/share/index2096.html]
[apuestapro.xyz/indexb1f0.html]
[apuestapro.xyz/como-usar-estadisticas-para-el-analisis-de-futbol/fb-messenger_/share/index3fc6.html]
[apuestapro.xyz/indexd4c3.html]
[apuestapro.xyz/estrategias-para-el-analisis-de-tacticas-en-baloncesto/fb-messenger_/share/index1248.html]
[apuestapro.xyz/index2812.html]
[apuestapro.xyz/estrategias-para-el-analisis-de-equipos-en-futbol-americano/fb-messenger_/share/index3d76.html]
[apuestapro.xyz/index4db6.html]
[apuestapro.xyz/como-hacer-un-analisis-detallado-de-partidos-de-voleibol/fb-messenger_/share/indexc7da.html]
[apuestapro.xyz/indexb0f8.html]
[apuestapro.xyz/como-realizar-un-analisis-efectivo-de-carreras-de-caballos/fb-messenger_/share/index788c.html]
[apuestapro.xyz/index193e.html]
[apuestapro.xyz/como-analizar-el-rendimiento-en-partidos-de-tenis/fb-messenger_/share/index84f7.html]
[apuestapro.xyz/index50ba.html]
[apuestapro.xyz/guia-para-registrarse-en-casas-de-apuestas-online/fb-messenger_/share/indexffb1.html]
[apuestapro.xyz/indexab36.html]
[apuestapro.xyz/como-seguir-eventos-deportivos-en-directo/fb-messenger_/share/index9970.html]
[apuestapro.xyz/indexfdd5.html]
[apuestapro.xyz/como-funcionan-las-cuotas-en-apuestas-deportivas/fb-messenger_/share/indexab57.html]
[apuestapro.xyz/index5d49.html]
[apuestapro.xyz/como-entender-las-probabilidades-en-apuestas/fb-messenger_/share/indexadb0.html]
[apuestapro.xyz/index4c66.html]
[apuestapro.xyz/guia-para-empezar-en-apuestas-deportivas/fb-messenger_/share/indexd14e.html]
[apuestapro.xyz/index7255.html]
[apuestapro.xyz/guia-para-usar-metodos-de-pago-en-apuestas-deportivas/fb-messenger_/share/indexf79a.html]
[apuestapro.xyz/index44fb.html]
[apuestapro.xyz/como-seguir-pronosticos-deportivos-de-expertos/fb-messenger_/share/index2951.html]
[apuestapro.xyz/indexc9c1.html]
[apuestapro.xyz/como-usar-herramientas-de-apuestas-deportivas/fb-messenger_/share/indexc502.html]
[apuestapro.xyz/indexfaa1.html]
[apuestapro.xyz/guia-para-utilizar-bonos-de-apuestas-deportivas/fb-messenger_/share/indexd5a7.html]
[apuestapro.xyz/index336f.html]
[apuestapro.xyz/tutorial-para-apostar-en-deportes-virtuales/fb-messenger_/share/index812d.html]
[apuestapro.xyz/indexc2d1.html]
[apuestapro.xyz/tutorial-para-usar-aplicaciones-de-apuestas-deportivas/fb-messenger_/share/index203b.html]
[apuestapro.xyz/index01a2.html]
[apuestapro.xyz/guia-para-gestionar-el-riesgo-en-apuestas-deportivas/fb-messenger_/share/index0d99.html]
[apuestapro.xyz/index5b8d.html]
[apuestapro.xyz/guia-para-usar-estadisticas-en-apuestas-deportivas/fb-messenger_/share/index6a90.html]
